Archive member included to satisfy reference by file (symbol)

/opt/st/stm32cubeide_1.8.0/plugins/com.st.stm32cube.ide.mcu.externaltools.gnu-tools-for-stm32.9-2020-q2-update.linux64_2.0.0.202105311346/tools/bin/../lib/gcc/arm-none-eabi/9.3.1/../../../../arm-none-eabi/lib/thumb/v7e-m+dp/hard/libc_nano.a(lib_a-errno.o)
                              ./Core/Src/syscalls.o (__errno)
/opt/st/stm32cubeide_1.8.0/plugins/com.st.stm32cube.ide.mcu.externaltools.gnu-tools-for-stm32.9-2020-q2-update.linux64_2.0.0.202105311346/tools/bin/../lib/gcc/arm-none-eabi/9.3.1/../../../../arm-none-eabi/lib/thumb/v7e-m+dp/hard/libc_nano.a(lib_a-exit.o)
                              /opt/st/stm32cubeide_1.8.0/plugins/com.st.stm32cube.ide.mcu.externaltools.gnu-tools-for-stm32.9-2020-q2-update.linux64_2.0.0.202105311346/tools/bin/../lib/gcc/arm-none-eabi/9.3.1/../../../../arm-none-eabi/lib/thumb/v7e-m+dp/hard/crt0.o (exit)
/opt/st/stm32cubeide_1.8.0/plugins/com.st.stm32cube.ide.mcu.externaltools.gnu-tools-for-stm32.9-2020-q2-update.linux64_2.0.0.202105311346/tools/bin/../lib/gcc/arm-none-eabi/9.3.1/../../../../arm-none-eabi/lib/thumb/v7e-m+dp/hard/libc_nano.a(lib_a-fclose.o)
                              ./Core/Src/cart.o (fclose)
/opt/st/stm32cubeide_1.8.0/plugins/com.st.stm32cube.ide.mcu.externaltools.gnu-tools-for-stm32.9-2020-q2-update.linux64_2.0.0.202105311346/tools/bin/../lib/gcc/arm-none-eabi/9.3.1/../../../../arm-none-eabi/lib/thumb/v7e-m+dp/hard/libc_nano.a(lib_a-fflush.o)
                              /opt/st/stm32cubeide_1.8.0/plugins/com.st.stm32cube.ide.mcu.externaltools.gnu-tools-for-stm32.9-2020-q2-update.linux64_2.0.0.202105311346/tools/bin/../lib/gcc/arm-none-eabi/9.3.1/../../../../arm-none-eabi/lib/thumb/v7e-m+dp/hard/libc_nano.a(lib_a-fclose.o) (__sflush_r)
/opt/st/stm32cubeide_1.8.0/plugins/com.st.stm32cube.ide.mcu.externaltools.gnu-tools-for-stm32.9-2020-q2-update.linux64_2.0.0.202105311346/tools/bin/../lib/gcc/arm-none-eabi/9.3.1/../../../../arm-none-eabi/lib/thumb/v7e-m+dp/hard/libc_nano.a(lib_a-findfp.o)
                              /opt/st/stm32cubeide_1.8.0/plugins/com.st.stm32cube.ide.mcu.externaltools.gnu-tools-for-stm32.9-2020-q2-update.linux64_2.0.0.202105311346/tools/bin/../lib/gcc/arm-none-eabi/9.3.1/../../../../arm-none-eabi/lib/thumb/v7e-m+dp/hard/libc_nano.a(lib_a-fclose.o) (__sfp_lock_acquire)
/opt/st/stm32cubeide_1.8.0/plugins/com.st.stm32cube.ide.mcu.externaltools.gnu-tools-for-stm32.9-2020-q2-update.linux64_2.0.0.202105311346/tools/bin/../lib/gcc/arm-none-eabi/9.3.1/../../../../arm-none-eabi/lib/thumb/v7e-m+dp/hard/libc_nano.a(lib_a-fopen.o)
                              ./Core/Src/cart.o (fopen)
/opt/st/stm32cubeide_1.8.0/plugins/com.st.stm32cube.ide.mcu.externaltools.gnu-tools-for-stm32.9-2020-q2-update.linux64_2.0.0.202105311346/tools/bin/../lib/gcc/arm-none-eabi/9.3.1/../../../../arm-none-eabi/lib/thumb/v7e-m+dp/hard/libc_nano.a(lib_a-fprintf.o)
                              ./Core/Src/cart.o (fprintf)
/opt/st/stm32cubeide_1.8.0/plugins/com.st.stm32cube.ide.mcu.externaltools.gnu-tools-for-stm32.9-2020-q2-update.linux64_2.0.0.202105311346/tools/bin/../lib/gcc/arm-none-eabi/9.3.1/../../../../arm-none-eabi/lib/thumb/v7e-m+dp/hard/libc_nano.a(lib_a-fread.o)
                              ./Core/Src/cart.o (fread)
/opt/st/stm32cubeide_1.8.0/plugins/com.st.stm32cube.ide.mcu.externaltools.gnu-tools-for-stm32.9-2020-q2-update.linux64_2.0.0.202105311346/tools/bin/../lib/gcc/arm-none-eabi/9.3.1/../../../../arm-none-eabi/lib/thumb/v7e-m+dp/hard/libc_nano.a(lib_a-fseek.o)
                              /opt/st/stm32cubeide_1.8.0/plugins/com.st.stm32cube.ide.mcu.externaltools.gnu-tools-for-stm32.9-2020-q2-update.linux64_2.0.0.202105311346/tools/bin/../lib/gcc/arm-none-eabi/9.3.1/../../../../arm-none-eabi/lib/thumb/v7e-m+dp/hard/libc_nano.a(lib_a-fopen.o) (_fseek_r)
/opt/st/stm32cubeide_1.8.0/plugins/com.st.stm32cube.ide.mcu.externaltools.gnu-tools-for-stm32.9-2020-q2-update.linux64_2.0.0.202105311346/tools/bin/../lib/gcc/arm-none-eabi/9.3.1/../../../../arm-none-eabi/lib/thumb/v7e-m+dp/hard/libc_nano.a(lib_a-fseeko.o)
                              /opt/st/stm32cubeide_1.8.0/plugins/com.st.stm32cube.ide.mcu.externaltools.gnu-tools-for-stm32.9-2020-q2-update.linux64_2.0.0.202105311346/tools/bin/../lib/gcc/arm-none-eabi/9.3.1/../../../../arm-none-eabi/lib/thumb/v7e-m+dp/hard/libc_nano.a(lib_a-fseek.o) (_fseeko_r)
/opt/st/stm32cubeide_1.8.0/plugins/com.st.stm32cube.ide.mcu.externaltools.gnu-tools-for-stm32.9-2020-q2-update.linux64_2.0.0.202105311346/tools/bin/../lib/gcc/arm-none-eabi/9.3.1/../../../../arm-none-eabi/lib/thumb/v7e-m+dp/hard/libc_nano.a(lib_a-ftello.o)
                              /opt/st/stm32cubeide_1.8.0/plugins/com.st.stm32cube.ide.mcu.externaltools.gnu-tools-for-stm32.9-2020-q2-update.linux64_2.0.0.202105311346/tools/bin/../lib/gcc/arm-none-eabi/9.3.1/../../../../arm-none-eabi/lib/thumb/v7e-m+dp/hard/libc_nano.a(lib_a-fseeko.o) (_ftello_r)
[...]
Memory Configuration

Name             Origin             Length             Attributes
RAM              0x0000000020000000 0x0000000000080000 xrw
FLASH            0x0000000008000000 0x0000000000200000 xr
*default*        0x0000000000000000 0xffffffffffffffff

Linker script and memory map

LOAD /opt/st/stm32cubeide_1.8.0/plugins/com.st.stm32cube.ide.mcu.externaltools.gnu-tools-for-stm32.9-2020-q2-update.linux64_2.0.0.202105311346/tools/bin/../lib/gcc/arm-none-eabi/9.3.1/thumb/v7e-m+dp/hard/crti.o
LOAD /opt/st/stm32cubeide_1.8.0/plugins/com.st.stm32cube.ide.mcu.externaltools.gnu-tools-for-stm32.9-2020-q2-update.linux64_2.0.0.202105311346/tools/bin/../lib/gcc/arm-none-eabi/9.3.1/thumb/v7e-m+dp/hard/crtbegin.o
LOAD /opt/st/stm32cubeide_1.8.0/plugins/com.st.stm32cube.ide.mcu.externaltools.gnu-tools-for-stm32.9-2020-q2-update.linux64_2.0.0.202105311346/tools/bin/../lib/gcc/arm-none-eabi/9.3.1/../../../../arm-none-eabi/lib/thumb/v7e-m+dp/hard/crt0.o
LOAD ./Core/Src/bus.o
LOAD ./Core/Src/cart.o
LOAD ./Core/Src/cpu.o
LOAD ./Core/Src/cpu_fetch.o
LOAD ./Core/Src/cpu_proc.o
LOAD ./Core/Src/cpu_util.o
LOAD ./Core/Src/dbg.o
LOAD ./Core/Src/dma.o
LOAD ./Core/Src/emu.o
LOAD ./Core/Src/gamepad.o
LOAD ./Core/Src/instructions.o
LOAD ./Core/Src/interrupts.o
LOAD ./Core/Src/io.o
LOAD ./Core/Src/lcd.o
LOAD ./Core/Src/main.o
LOAD ./Core/Src/ppu.o
LOAD ./Core/Src/ppu_pipeline.o
LOAD ./Core/Src/ppu_sm.o
LOAD ./Core/Src/ram.o
LOAD ./Core/Src/stack.o
LOAD ./Core/Src/stm32f7xx_hal_msp.o
LOAD ./Core/Src/stm32f7xx_it.o
LOAD ./Core/Src/syscalls.o
LOAD ./Core/Src/sysmem.o
LOAD ./Core/Src/system_stm32f7xx.o
LOAD ./Core/Src/timer.o
LOAD ./Core/Src/ui.o
LOAD ./Core/Startup/startup_stm32f769nihx.o
LOAD ./Drivers/STM32F7xx_HAL_Driver/Src/stm32f7xx_hal.o
LOAD ./Drivers/STM32F7xx_HAL_Driver/Src/stm32f7xx_hal_cortex.o
LOAD ./Drivers/STM32F7xx_HAL_Driver/Src/stm32f7xx_hal_crc.o
LOAD ./Drivers/STM32F7xx_HAL_Driver/Src/stm32f7xx_hal_crc_ex.o
LOAD ./Drivers/STM32F7xx_HAL_Driver/Src/stm32f7xx_hal_dma.o
LOAD ./Drivers/STM32F7xx_HAL_Driver/Src/stm32f7xx_hal_dma_ex.o
LOAD ./Drivers/STM32F7xx_HAL_Driver/Src/stm32f7xx_hal_exti.o
LOAD ./Drivers/STM32F7xx_HAL_Driver/Src/stm32f7xx_hal_flash.o
LOAD ./Drivers/STM32F7xx_HAL_Driver/Src/stm32f7xx_hal_flash_ex.o
LOAD ./Drivers/STM32F7xx_HAL_Driver/Src/stm32f7xx_hal_gpio.o
LOAD ./Drivers/STM32F7xx_HAL_Driver/Src/stm32f7xx_hal_i2c.o
LOAD ./Drivers/STM32F7xx_HAL_Driver/Src/stm32f7xx_hal_i2c_ex.o
LOAD ./Drivers/STM32F7xx_HAL_Driver/Src/stm32f7xx_hal_pwr.o
LOAD ./Drivers/STM32F7xx_HAL_Driver/Src/stm32f7xx_hal_pwr_ex.o
LOAD ./Drivers/STM32F7xx_HAL_Driver/Src/stm32f7xx_hal_rcc.o
LOAD ./Drivers/STM32F7xx_HAL_Driver/Src/stm32f7xx_hal_rcc_ex.o
LOAD ./Drivers/STM32F7xx_HAL_Driver/Src/stm32f7xx_hal_sd.o
LOAD ./Drivers/STM32F7xx_HAL_Driver/Src/stm32f7xx_hal_tim.o
LOAD ./Drivers/STM32F7xx_HAL_Driver/Src/stm32f7xx_hal_tim_ex.o
LOAD ./Drivers/STM32F7xx_HAL_Driver/Src/stm32f7xx_hal_uart.o
LOAD ./Drivers/STM32F7xx_HAL_Driver/Src/stm32f7xx_hal_uart_ex.o
LOAD ./Drivers/STM32F7xx_HAL_Driver/Src/stm32f7xx_ll_sdmmc.o
LOAD ./FATFS/App/fatfs.o
LOAD ./FATFS/Target/bsp_driver_sd.o
LOAD ./FATFS/Target/fatfs_platform.o
LOAD ./FATFS/Target/sd_diskio.o
LOAD ./Middlewares/Third_Party/FatFs/src/diskio.o
LOAD ./Middlewares/Third_Party/FatFs/src/ff.o
LOAD ./Middlewares/Third_Party/FatFs/src/ff_gen_drv.o
LOAD ./Middlewares/Third_Party/FatFs/src/option/syscall.o
START GROUP
LOAD /opt/st/stm32cubeide_1.8.0/plugins/com.st.stm32cube.ide.mcu.externaltools.gnu-tools-for-stm32.9-2020-q2-update.linux64_2.0.0.202105311346/tools/bin/../lib/gcc/arm-none-eabi/9.3.1/../../../../arm-none-eabi/lib/thumb/v7e-m+dp/hard/libc_nano.a
LOAD /opt/st/stm32cubeide_1.8.0/plugins/com.st.stm32cube.ide.mcu.externaltools.gnu-tools-for-stm32.9-2020-q2-update.linux64_2.0.0.202105311346/tools/bin/../lib/gcc/arm-none-eabi/9.3.1/../../../../arm-none-eabi/lib/thumb/v7e-m+dp/hard/libm.a
END GROUP
START GROUP
LOAD /opt/st/stm32cubeide_1.8.0/plugins/com.st.stm32cube.ide.mcu.externaltools.gnu-tools-for-stm32.9-2020-q2-update.linux64_2.0.0.202105311346/tools/bin/../lib/gcc/arm-none-eabi/9.3.1/thumb/v7e-m+dp/hard/libgcc.a
LOAD /opt/st/stm32cubeide_1.8.0/plugins/com.st.stm32cube.ide.mcu.externaltools.gnu-tools-for-stm32.9-2020-q2-update.linux64_2.0.0.202105311346/tools/bin/../lib/gcc/arm-none-eabi/9.3.1/../../../../arm-none-eabi/lib/thumb/v7e-m+dp/hard/libc_nano.a
END GROUP
START GROUP
LOAD /opt/st/stm32cubeide_1.8.0/plugins/com.st.stm32cube.ide.mcu.externaltools.gnu-tools-for-stm32.9-2020-q2-update.linux64_2.0.0.202105311346/tools/bin/../lib/gcc/arm-none-eabi/9.3.1/thumb/v7e-m+dp/hard/libgcc.a
LOAD /opt/st/stm32cubeide_1.8.0/plugins/com.st.stm32cube.ide.mcu.externaltools.gnu-tools-for-stm32.9-2020-q2-update.linux64_2.0.0.202105311346/tools/bin/../lib/gcc/arm-none-eabi/9.3.1/../../../../arm-none-eabi/lib/thumb/v7e-m+dp/hard/libc_nano.a
LOAD /opt/st/stm32cubeide_1.8.0/plugins/com.st.stm32cube.ide.mcu.externaltools.gnu-tools-for-stm32.9-2020-q2-update.linux64_2.0.0.202105311346/tools/bin/../lib/gcc/arm-none-eabi/9.3.1/../../../../arm-none-eabi/lib/thumb/v7e-m+dp/hard/libnosys.a
END GROUP
START GROUP
LOAD /opt/st/stm32cubeide_1.8.0/plugins/com.st.stm32cube.ide.mcu.externaltools.gnu-tools-for-stm32.9-2020-q2-update.linux64_2.0.0.202105311346/tools/bin/../lib/gcc/arm-none-eabi/9.3.1/thumb/v7e-m+dp/hard/libgcc.a
LOAD /opt/st/stm32cubeide_1.8.0/plugins/com.st.stm32cube.ide.mcu.externaltools.gnu-tools-for-stm32.9-2020-q2-update.linux64_2.0.0.202105311346/tools/bin/../lib/gcc/arm-none-eabi/9.3.1/../../../../arm-none-eabi/lib/thumb/v7e-m+dp/hard/libc_nano.a
LOAD /opt/st/stm32cubeide_1.8.0/plugins/com.st.stm32cube.ide.mcu.externaltools.gnu-tools-for-stm32.9-2020-q2-update.linux64_2.0.0.202105311346/tools/bin/../lib/gcc/arm-none-eabi/9.3.1/../../../../arm-none-eabi/lib/thumb/v7e-m+dp/hard/libnosys.a
END GROUP
LOAD /opt/st/stm32cubeide_1.8.0/plugins/com.st.stm32cube.ide.mcu.externaltools.gnu-tools-for-stm32.9-2020-q2-update.linux64_2.0.0.202105311346/tools/bin/../lib/gcc/arm-none-eabi/9.3.1/thumb/v7e-m+dp/hard/crtend.o
LOAD /opt/st/stm32cubeide_1.8.0/plugins/com.st.stm32cube.ide.mcu.externaltools.gnu-tools-for-stm32.9-2020-q2-update.linux64_2.0.0.202105311346/tools/bin/../lib/gcc/arm-none-eabi/9.3.1/thumb/v7e-m+dp/hard/crtn.o
                0x0000000020080000                _estack = (ORIGIN (RAM) + LENGTH (RAM))
                0x0000000000000400                _Min_Heap_Size = 0x400
                0x0000000000000800                _Min_Stack_Size = 0x800

.isr_vector     0x0000000008000000      0x1f8
                0x0000000008000000                . = ALIGN (0x4)
 *(.isr_vector)
 .isr_vector    0x0000000008000000      0x1f8 ./Core/Startup/startup_stm32f769nihx.o
                0x0000000008000000                g_pfnVectors
                0x00000000080001f8                . = ALIGN (0x4)

.text           0x0000000008000200     0xf044
                0x0000000008000200                . = ALIGN (0x4)
 *(.text)
 .text          0x0000000008000200       0x40 /opt/st/stm32cubeide_1.8.0/plugins/com.st.stm32cube.ide.mcu.externaltools.gnu-tools-for-stm32.9-2020-q2-update.linux64_2.0.0.202105311346/tools/bin/../lib/gcc/arm-none-eabi/9.3.1/thumb/v7e-m+dp/hard/crtbegin.o
 .text          0x0000000008000240       0xa0 /opt/st/stm32cubeide_1.8.0/plugins/com.st.stm32cube.ide.mcu.externaltools.gnu-tools-for-stm32.9-2020-q2-update.linux64_2.0.0.202105311346/tools/bin/../lib/gcc/arm-none-eabi/9.3.1/../../../../arm-none-eabi/lib/thumb/v7e-m+dp/hard/libc_nano.a(lib_a-memchr.o)
                0x0000000008000240                memchr
 .text          0x00000000080002e0       0x30 /opt/st/stm32cubeide_1.8.0/plugins/com.st.stm32cube.ide.mcu.externaltools.gnu-tools-for-stm32.9-2020-q2-update.linux64_2.0.0.202105311346/tools/bin/../lib/gcc/arm-none-eabi/9.3.1/thumb/v7e-m+dp/hard/libgcc.a(_aeabi_uldivmod.o)
                0x00000000080002e0                __aeabi_uldivmod
 .text          0x0000000008000310      0x2c4 /opt/st/stm32cubeide_1.8.0/plugins/com.st.stm32cube.ide.mcu.externaltools.gnu-tools-for-stm32.9-2020-q2-update.linux64_2.0.0.202105311346/tools/bin/../lib/gcc/arm-none-eabi/9.3.1/thumb/v7e-m+dp/hard/libgcc.a(_udivmoddi4.o)
                0x0000000008000310                __udivmoddi4
 .text          0x00000000080005d4        0x4 /opt/st/stm32cubeide_1.8.0/plugins/com.st.stm32cube.ide.mcu.externaltools.gnu-tools-for-stm32.9-2020-q2-update.linux64_2.0.0.202105311346/tools/bin/../lib/gcc/arm-none-eabi/9.3.1/thumb/v7e-m+dp/hard/libgcc.a(_dvmd_tls.o)
                0x00000000080005d4                __aeabi_ldiv0
                0x00000000080005d4                __aeabi_idiv0
 *(.text*)
 .text.bus_read
                0x00000000080005d8       0xd0 ./Core/Src/bus.o
                0x00000000080005d8                bus_read
 .text.bus_write
                0x00000000080006a8       0xdc ./Core/Src/bus.o
                0x00000000080006a8                bus_write
 .text.bus_write16
                0x0000000008000784       0x3c ./Core/Src/bus.o
                0x0000000008000784                bus_write16
 .text.cart_need_save
                0x00000000080007c0       0x18 ./Core/Src/cart.o
                0x00000000080007c0                cart_need_save
 .text.cart_mbc1
                0x00000000080007d8       0x3c ./Core/Src/cart.o
                0x00000000080007d8                cart_mbc1
 .text.cart_battery
                0x0000000008000814       0x28 ./Core/Src/cart.o
                0x0000000008000814                cart_battery
 .text.cart_lic_name
                0x000000000800083c       0x40 ./Core/Src/cart.o
                0x000000000800083c                cart_lic_name
 .text.cart_type_name
                0x000000000800087c       0x40 ./Core/Src/cart.o
                0x000000000800087c                cart_type_name
 .text.cart_setup_banking
                0x00000000080008bc       0xd4 ./Core/Src/cart.o
                0x00000000080008bc                cart_setup_banking
 .text.cart_load
                0x0000000008000990      0x224 ./Core/Src/cart.o
                0x0000000008000990                cart_load
 .text.cart_battery_load
                0x0000000008000bb4       0x84 ./Core/Src/cart.o
                0x0000000008000bb4                cart_battery_load
 .text.cart_battery_save
                0x0000000008000c38       0x84 ./Core/Src/cart.o
                0x0000000008000c38                cart_battery_save
 .text.cart_read
                0x0000000008000cbc       0x8c ./Core/Src/cart.o
                0x0000000008000cbc                cart_read
 .text.cart_write
                0x0000000008000d48      0x188 ./Core/Src/cart.o
                0x0000000008000d48                cart_write
 .text.cpu_init
                0x0000000008000ed0       0x6c ./Core/Src/cpu.o
                0x0000000008000ed0                cpu_init
 .text.fetch_instruction
                0x0000000008000f3c       0x38 ./Core/Src/cpu.o
 .text.execute  0x0000000008000f74       0x4c ./Core/Src/cpu.o
 .text.cpu_step
                0x0000000008000fc0      0x18c ./Core/Src/cpu.o
                0x0000000008000fc0                cpu_step
 .text.cpu_get_ie_register
                0x000000000800114c       0x18 ./Core/Src/cpu.o
                0x000000000800114c                cpu_get_ie_register
 .text.cpu_set_ie_register
                0x0000000008001164       0x20 ./Core/Src/cpu.o
                0x0000000008001164                cpu_set_ie_register
 .text.cpu_request_interrupt
                0x0000000008001184       0x28 ./Core/Src/cpu.o
                0x0000000008001184                cpu_request_interrupt
 .text.fetch_data
                0x00000000080011ac      0x4c8 ./Core/Src/cpu_fetch.o
                0x00000000080011ac                fetch_data
 .text.cpu_set_flags
                0x0000000008001674       0xe6 ./Core/Src/cpu_proc.o
                0x0000000008001674                cpu_set_flags
 *fill*         0x000000000800175a        0x2 
 .text.proc_none
                0x000000000800175c       0x1c ./Core/Src/cpu_proc.o
 .text.proc_nop
                0x0000000008001778       0x14 ./Core/Src/cpu_proc.o
 .text.decode_reg
                0x000000000800178c       0x2c ./Core/Src/cpu_proc.o
                0x000000000800178c                decode_reg
 .text.proc_cb  0x00000000080017b8      0x36c ./Core/Src/cpu_proc.o
 .text.proc_rlca
                0x0000000008001b24       0x52 ./Core/Src/cpu_proc.o
 .text.proc_rrca
                0x0000000008001b76       0x4e ./Core/Src/cpu_proc.o
 .text.proc_rla
                0x0000000008001bc4       0x50 ./Core/Src/cpu_proc.o
 .text.proc_stop
                0x0000000008001c14       0x28 ./Core/Src/cpu_proc.o
 .text.proc_daa
                0x0000000008001c3c       0xbc ./Core/Src/cpu_proc.o
 .text.proc_cpl
                0x0000000008001cf8       0x30 ./Core/Src/cpu_proc.o
 .text.proc_scf
                0x0000000008001d28       0x22 ./Core/Src/cpu_proc.o
 .text.proc_ccf
                0x0000000008001d4a       0x34 ./Core/Src/cpu_proc.o
 .text.proc_halt
                0x0000000008001d7e       0x1a ./Core/Src/cpu_proc.o
 .text.proc_rra
                0x0000000008001d98       0x5c ./Core/Src/cpu_proc.o
 .text.proc_and
                0x0000000008001df4       0x40 ./Core/Src/cpu_proc.o
 .text.proc_xor
                0x0000000008001e34       0x44 ./Core/Src/cpu_proc.o
 .text.proc_or  0x0000000008001e78       0x44 ./Core/Src/cpu_proc.o
 .text.proc_cp  0x0000000008001ebc       0x58 ./Core/Src/cpu_proc.o
 .text.proc_di  0x0000000008001f14       0x1a ./Core/Src/cpu_proc.o
 .text.proc_ei  0x0000000008001f2e       0x1a ./Core/Src/cpu_proc.o
 .text.is_16_bit
                0x0000000008001f48       0x22 ./Core/Src/cpu_proc.o
 .text.proc_ld  0x0000000008001f6a      0x104 ./Core/Src/cpu_proc.o
 .text.proc_ldh
                0x000000000800206e       0x54 ./Core/Src/cpu_proc.o
 *fill*         0x00000000080020c2        0x2 
 .text.check_cond
                0x00000000080020c4       0xa8 ./Core/Src/cpu_proc.o
 .text.goto_addr
                0x000000000800216c       0x46 ./Core/Src/cpu_proc.o
 .text.proc_jp  0x00000000080021b2       0x1e ./Core/Src/cpu_proc.o
 .text.proc_jr  0x00000000080021d0       0x30 ./Core/Src/cpu_proc.o
 .text.proc_call
                0x0000000008002200       0x1e ./Core/Src/cpu_proc.o
 .text.proc_rst
                0x000000000800221e       0x22 ./Core/Src/cpu_proc.o
 .text.proc_ret
                0x0000000008002240       0x64 ./Core/Src/cpu_proc.o
 .text.proc_reti
                0x00000000080022a4       0x1c ./Core/Src/cpu_proc.o
 .text.proc_pop
                0x00000000080022c0       0x6c ./Core/Src/cpu_proc.o
 .text.proc_push
                0x000000000800232c       0x5e ./Core/Src/cpu_proc.o
 .text.proc_inc
                0x000000000800238a       0xde ./Core/Src/cpu_proc.o
 .text.proc_dec
                0x0000000008002468       0xd8 ./Core/Src/cpu_proc.o
 .text.proc_sub
                0x0000000008002540       0x9c ./Core/Src/cpu_proc.o
 .text.proc_sbc
                0x00000000080025dc       0xdc ./Core/Src/cpu_proc.o
 .text.proc_adc
                0x00000000080026b8       0x92 ./Core/Src/cpu_proc.o
 .text.proc_add
                0x000000000800274a      0x1aa ./Core/Src/cpu_proc.o
 .text.inst_get_processor
                0x00000000080028f4       0x24 ./Core/Src/cpu_proc.o
                0x00000000080028f4                inst_get_processor
 .text.reverse  0x0000000008002918       0x2a ./Core/Src/cpu_util.o
                0x0000000008002918                reverse
 *fill*         0x0000000008002942        0x2 
 .text.cpu_read_reg
                0x0000000008002944       0xf0 ./Core/Src/cpu_util.o
                0x0000000008002944                cpu_read_reg
 .text.cpu_set_reg
                0x0000000008002a34      0x114 ./Core/Src/cpu_util.o
                0x0000000008002a34                cpu_set_reg
 .text.cpu_read_reg8
                0x0000000008002b48       0xc4 ./Core/Src/cpu_util.o
                0x0000000008002b48                cpu_read_reg8
 .text.cpu_set_reg8
                0x0000000008002c0c       0xe0 ./Core/Src/cpu_util.o
                0x0000000008002c0c                cpu_set_reg8
 .text.cpu_get_regs
                0x0000000008002cec       0x14 ./Core/Src/cpu_util.o
                0x0000000008002cec                cpu_get_regs
 .text.cpu_get_int_flags
                0x0000000008002d00       0x18 ./Core/Src/cpu_util.o
                0x0000000008002d00                cpu_get_int_flags
 .text.cpu_set_int_flags
                0x0000000008002d18       0x20 ./Core/Src/cpu_util.o
                0x0000000008002d18                cpu_set_int_flags
 .text.dbg_update
                0x0000000008002d38       0x4c ./Core/Src/dbg.o
                0x0000000008002d38                dbg_update
 .text.dbg_print
                0x0000000008002d84        0xe ./Core/Src/dbg.o
                0x0000000008002d84                dbg_print
 *fill*         0x0000000008002d92        0x2 
 .text.dma_start
                0x0000000008002d94       0x34 ./Core/Src/dma.o
                0x0000000008002d94                dma_start
 .text.dma_tick
                0x0000000008002dc8       0x7c ./Core/Src/dma.o
                0x0000000008002dc8                dma_tick
 .text.dma_transferring
                0x0000000008002e44       0x18 ./Core/Src/dma.o
                0x0000000008002e44                dma_transferring
 .text.cpu_run  0x0000000008002e5c       0x74 ./Core/Src/emu.o
                0x0000000008002e5c                cpu_run
 .text.emu_run  0x0000000008002ed0       0x98 ./Core/Src/emu.o
                0x0000000008002ed0                emu_run
 .text.emu_cycles
                0x0000000008002f68       0x5c ./Core/Src/emu.o
                0x0000000008002f68                emu_cycles
 .text.gamepad_button_sel
                0x0000000008002fc4       0x18 ./Core/Src/gamepad.o
                0x0000000008002fc4                gamepad_button_sel
 .text.gamepad_dir_sel
                0x0000000008002fdc       0x18 ./Core/Src/gamepad.o
                0x0000000008002fdc                gamepad_dir_sel
 .text.gamepad_set_sel
                0x0000000008002ff4       0x44 ./Core/Src/gamepad.o
                0x0000000008002ff4                gamepad_set_sel
 .text.gamepad_get_state
                0x0000000008003038       0x14 ./Core/Src/gamepad.o
                0x0000000008003038                gamepad_get_state
 .text.gamepad_get_output
                0x000000000800304c       0xd4 ./Core/Src/gamepad.o
                0x000000000800304c                gamepad_get_output
 .text.instruction_by_opcode
                0x0000000008003120       0x28 ./Core/Src/instructions.o
                0x0000000008003120                instruction_by_opcode
 .text.inst_name
                0x0000000008003148       0x24 ./Core/Src/instructions.o
                0x0000000008003148                inst_name
 .text.inst_to_str
                0x000000000800316c      0x41c ./Core/Src/instructions.o
                0x000000000800316c                inst_to_str
 .text.int_handle
                0x0000000008003588       0x24 ./Core/Src/interrupts.o
                0x0000000008003588                int_handle
 .text.int_check
                0x00000000080035ac       0x68 ./Core/Src/interrupts.o
                0x00000000080035ac                int_check
 .text.cpu_handle_interrupts
                0x0000000008003614       0x5a ./Core/Src/interrupts.o
                0x0000000008003614                cpu_handle_interrupts
 *fill*         0x000000000800366e        0x2 
 .text.io_read  0x0000000008003670       0xc0 ./Core/Src/io.o
                0x0000000008003670                io_read
 .text.io_write
                0x0000000008003730       0xd0 ./Core/Src/io.o
                0x0000000008003730                io_write
 .text.lcd_init
                0x0000000008003800       0xa8 ./Core/Src/lcd.o
                0x0000000008003800                lcd_init
 .text.lcd_get_context
                0x00000000080038a8       0x14 ./Core/Src/lcd.o
                0x00000000080038a8                lcd_get_context
 .text.lcd_read
                0x00000000080038bc       0x30 ./Core/Src/lcd.o
                0x00000000080038bc                lcd_read
 .text.update_palette
                0x00000000080038ec       0x9c ./Core/Src/lcd.o
                0x00000000080038ec                update_palette
 .text.lcd_write
                0x0000000008003988       0x8c ./Core/Src/lcd.o
                0x0000000008003988                lcd_write
 .text._write   0x0000000008003a14       0x2c ./Core/Src/main.o
                0x0000000008003a14                _write
 .text.main     0x0000000008003a40       0x30 ./Core/Src/main.o
                0x0000000008003a40                main
 .text.SystemClock_Config
                0x0000000008003a70       0xe4 ./Core/Src/main.o
                0x0000000008003a70                SystemClock_Config
 .text.MX_CRC_Init
                0x0000000008003b54       0x44 ./Core/Src/main.o
 .text.MX_SDMMC2_SD_Init
                0x0000000008003b98       0x40 ./Core/Src/main.o
 .text.MX_USART1_UART_Init
                0x0000000008003bd8       0x60 ./Core/Src/main.o
 .text.MX_DMA_Init
                0x0000000008003c38       0x4c ./Core/Src/main.o
 .text.MX_GPIO_Init
                0x0000000008003c84      0x7e4 ./Core/Src/main.o
 .text.Error_Handler
                0x0000000008004468        0xa ./Core/Src/main.o
                0x0000000008004468                Error_Handler
 *fill*         0x0000000008004472        0x2 
 .text.ppu_get_context
                0x0000000008004474       0x14 ./Core/Src/ppu.o
                0x0000000008004474                ppu_get_context
 .text.ppu_init
                0x0000000008004488      0x10c ./Core/Src/ppu.o
                0x0000000008004488                ppu_init
 .text.ppu_tick
                0x0000000008004594       0x60 ./Core/Src/ppu.o
                0x0000000008004594                ppu_tick
 .text.ppu_oam_write
                0x00000000080045f4       0x40 ./Core/Src/ppu.o
                0x00000000080045f4                ppu_oam_write
 .text.ppu_oam_read
                0x0000000008004634       0x38 ./Core/Src/ppu.o
                0x0000000008004634                ppu_oam_read
 .text.ppu_vram_write
                0x000000000800466c       0x30 ./Core/Src/ppu.o
                0x000000000800466c                ppu_vram_write
 .text.ppu_vram_read
                0x000000000800469c       0x28 ./Core/Src/ppu.o
                0x000000000800469c                ppu_vram_read
 .text.window_visible
                0x00000000080046c4       0x48 ./Core/Src/ppu_pipeline.o
                0x00000000080046c4                window_visible
 .text.pixel_fifo_push
                0x000000000800470c       0x9a ./Core/Src/ppu_pipeline.o
                0x000000000800470c                pixel_fifo_push
 *fill*         0x00000000080047a6        0x2 
 .text.pixel_fifo_pop
                0x00000000080047a8       0x88 ./Core/Src/ppu_pipeline.o
                0x00000000080047a8                pixel_fifo_pop
 .text.fetch_sprite_pixels
                0x0000000008004830      0x1cc ./Core/Src/ppu_pipeline.o
                0x0000000008004830                fetch_sprite_pixels
 .text.pipeline_fifo_add
                0x00000000080049fc      0x12e ./Core/Src/ppu_pipeline.o
                0x00000000080049fc                pipeline_fifo_add
 .text.pipeline_load_sprite_tile
                0x0000000008004b2a       0xe8 ./Core/Src/ppu_pipeline.o
                0x0000000008004b2a                pipeline_load_sprite_tile
 .text.pipeline_load_sprite_data
                0x0000000008004c12      0x106 ./Core/Src/ppu_pipeline.o
                0x0000000008004c12                pipeline_load_sprite_data
 .text.pipeline_load_window_tile
                0x0000000008004d18      0x130 ./Core/Src/ppu_pipeline.o
                0x0000000008004d18                pipeline_load_window_tile
 .text.pipeline_fetch
                0x0000000008004e48      0x260 ./Core/Src/ppu_pipeline.o
                0x0000000008004e48                pipeline_fetch
 .text.pipeline_push_pixel
                0x00000000080050a8       0xb6 ./Core/Src/ppu_pipeline.o
                0x00000000080050a8                pipeline_push_pixel
 .text.pipeline_process
                0x000000000800515e       0xa2 ./Core/Src/ppu_pipeline.o
                0x000000000800515e                pipeline_process
 .text.pipeline_fifo_reset
                0x0000000008005200       0x30 ./Core/Src/ppu_pipeline.o
                0x0000000008005200                pipeline_fifo_reset
 .text.increment_ly
                0x0000000008005230       0xb8 ./Core/Src/ppu_sm.o
                0x0000000008005230                increment_ly
 .text.load_line_sprites
                0x00000000080052e8      0x170 ./Core/Src/ppu_sm.o
                0x00000000080052e8                load_line_sprites
 .text.ppu_mode_oam
                0x0000000008005458       0xbe ./Core/Src/ppu_sm.o
                0x0000000008005458                ppu_mode_oam
 .text.ppu_mode_xfer
                0x0000000008005516       0x56 ./Core/Src/ppu_sm.o
                0x0000000008005516                ppu_mode_xfer
 .text.ppu_mode_vblank
                0x000000000800556c       0x7c ./Core/Src/ppu_sm.o
                0x000000000800556c                ppu_mode_vblank
 .text.ppu_mode_hblank
                0x00000000080055e8      0x14c ./Core/Src/ppu_sm.o
                0x00000000080055e8                ppu_mode_hblank
 .text.wram_read
                0x0000000008005734       0x48 ./Core/Src/ram.o
                0x0000000008005734                wram_read
 .text.wram_write
                0x000000000800577c       0x30 ./Core/Src/ram.o
                0x000000000800577c                wram_write
 .text.hram_read
                0x00000000080057ac       0x2c ./Core/Src/ram.o
                0x00000000080057ac                hram_read
 .text.hram_write
                0x00000000080057d8       0x34 ./Core/Src/ram.o
                0x00000000080057d8                hram_write
 .text.stack_push
                0x000000000800580c       0x32 ./Core/Src/stack.o
                0x000000000800580c                stack_push
 .text.stack_push16
                0x000000000800583e       0x2a ./Core/Src/stack.o
                0x000000000800583e                stack_push16
 .text.stack_pop
                0x0000000008005868       0x1e ./Core/Src/stack.o
                0x0000000008005868                stack_pop
 *fill*         0x0000000008005886        0x2 
 .text.HAL_MspInit
                0x0000000008005888       0x48 ./Core/Src/stm32f7xx_hal_msp.o
                0x0000000008005888                HAL_MspInit
 .text.HAL_CRC_MspInit
                0x00000000080058d0       0x40 ./Core/Src/stm32f7xx_hal_msp.o
                0x00000000080058d0                HAL_CRC_MspInit
 .text.HAL_SD_MspInit
                0x0000000008005910      0x25c ./Core/Src/stm32f7xx_hal_msp.o
                0x0000000008005910                HAL_SD_MspInit
 .text.HAL_UART_MspInit
                0x0000000008005b6c       0xe8 ./Core/Src/stm32f7xx_hal_msp.o
                0x0000000008005b6c                HAL_UART_MspInit
 .text.NMI_Handler
                0x0000000008005c54        0x6 ./Core/Src/stm32f7xx_it.o
                0x0000000008005c54                NMI_Handler
 .text.HardFault_Handler
                0x0000000008005c5a        0x6 ./Core/Src/stm32f7xx_it.o
                0x0000000008005c5a                HardFault_Handler
 .text.MemManage_Handler
                0x0000000008005c60        0x6 ./Core/Src/stm32f7xx_it.o
                0x0000000008005c60                MemManage_Handler
 .text.BusFault_Handler
                0x0000000008005c66        0x6 ./Core/Src/stm32f7xx_it.o
                0x0000000008005c66                BusFault_Handler
 .text.UsageFault_Handler
                0x0000000008005c6c        0x6 ./Core/Src/stm32f7xx_it.o
                0x0000000008005c6c                UsageFault_Handler
 .text.SVC_Handler
                0x0000000008005c72        0xe ./Core/Src/stm32f7xx_it.o
                0x0000000008005c72                SVC_Handler
 .text.DebugMon_Handler
                0x0000000008005c80        0xe ./Core/Src/stm32f7xx_it.o
                0x0000000008005c80                DebugMon_Handler
 .text.PendSV_Handler
                0x0000000008005c8e        0xe ./Core/Src/stm32f7xx_it.o
                0x0000000008005c8e                PendSV_Handler
 .text.SysTick_Handler
                0x0000000008005c9c        0xc ./Core/Src/stm32f7xx_it.o
                0x0000000008005c9c                SysTick_Handler
 .text.DMA2_Stream0_IRQHandler
                0x0000000008005ca8       0x14 ./Core/Src/stm32f7xx_it.o
                0x0000000008005ca8                DMA2_Stream0_IRQHandler
 .text.DMA2_Stream5_IRQHandler
                0x0000000008005cbc       0x14 ./Core/Src/stm32f7xx_it.o
                0x0000000008005cbc                DMA2_Stream5_IRQHandler
 .text.SDMMC2_IRQHandler
                0x0000000008005cd0       0x14 ./Core/Src/stm32f7xx_it.o
                0x0000000008005cd0                SDMMC2_IRQHandler
 .text._kill    0x0000000008005ce4       0x20 ./Core/Src/syscalls.o
                0x0000000008005ce4                _kill
 .text._exit    0x0000000008005d04       0x14 ./Core/Src/syscalls.o
                0x0000000008005d04                _exit
 .text._read    0x0000000008005d18       0x3a ./Core/Src/syscalls.o
                0x0000000008005d18                _read
 .text._close   0x0000000008005d52       0x18 ./Core/Src/syscalls.o
                0x0000000008005d52                _close
 .text._fstat   0x0000000008005d6a       0x20 ./Core/Src/syscalls.o
                0x0000000008005d6a                _fstat
 .text._isatty  0x0000000008005d8a       0x16 ./Core/Src/syscalls.o
                0x0000000008005d8a                _isatty
 .text._lseek   0x0000000008005da0       0x1a ./Core/Src/syscalls.o
                0x0000000008005da0                _lseek
 .text._open    0x0000000008005dba       0x1c ./Core/Src/syscalls.o
                0x0000000008005dba                _open
 *fill*         0x0000000008005dd6        0x2 
 .text._sbrk    0x0000000008005dd8       0x6c ./Core/Src/sysmem.o
                0x0000000008005dd8                _sbrk
 .text.SystemInit
                0x0000000008005e44       0x24 ./Core/Src/system_stm32f7xx.o
                0x0000000008005e44                SystemInit
 .text.timer_get_context
                0x0000000008005e68       0x14 ./Core/Src/timer.o
                0x0000000008005e68                timer_get_context
 .text.timer_init
                0x0000000008005e7c       0x1c ./Core/Src/timer.o
                0x0000000008005e7c                timer_init
 .text.timer_tick
                0x0000000008005e98      0x120 ./Core/Src/timer.o
                0x0000000008005e98                timer_tick
 .text.timer_write
                0x0000000008005fb8       0x64 ./Core/Src/timer.o
                0x0000000008005fb8                timer_write
 .text.timer_read
                0x000000000800601c       0x60 ./Core/Src/timer.o
                0x000000000800601c                timer_read
 .text.ui_init  0x000000000800607c        0xe ./Core/Src/ui.o
                0x000000000800607c                ui_init
 .text.delay    0x000000000800608a       0x14 ./Core/Src/ui.o
                0x000000000800608a                delay
 .text.get_ticks
                0x000000000800609e       0x10 ./Core/Src/ui.o
                0x000000000800609e                get_ticks
 .text.ui_update
                0x00000000080060ae        0xe ./Core/Src/ui.o
                0x00000000080060ae                ui_update
 .text.ui_handle_events
                0x00000000080060bc        0xe ./Core/Src/ui.o
                0x00000000080060bc                ui_handle_events
 *fill*         0x00000000080060ca        0x2 
 .text.Reset_Handler
                0x00000000080060cc       0x50 ./Core/Startup/startup_stm32f769nihx.o
                0x00000000080060cc                Reset_Handler
 .text.Default_Handler
                0x000000000800611c        0x2 ./Core/Startup/startup_stm32f769nihx.o
                0x000000000800611c                RTC_Alarm_IRQHandler
                0x000000000800611c                EXTI2_IRQHandler
                0x000000000800611c                TIM8_CC_IRQHandler
                0x000000000800611c                UART8_IRQHandler
                0x000000000800611c                SPI4_IRQHandler
                0x000000000800611c                TIM1_CC_IRQHandler
                0x000000000800611c                JPEG_IRQHandler
                0x000000000800611c                DMA1_Stream5_IRQHandler
                0x000000000800611c                CAN3_RX1_IRQHandler
                0x000000000800611c                PVD_IRQHandler
                0x000000000800611c                TAMP_STAMP_IRQHandler
                0x000000000800611c                CAN2_RX1_IRQHandler
                0x000000000800611c                EXTI3_IRQHandler
                0x000000000800611c                TIM8_TRG_COM_TIM14_IRQHandler
                0x000000000800611c                DFSDM1_FLT1_IRQHandler
                0x000000000800611c                TIM1_UP_TIM10_IRQHandler
                0x000000000800611c                TIM8_UP_TIM13_IRQHandler
                0x000000000800611c                I2C3_ER_IRQHandler
                0x000000000800611c                DFSDM1_FLT2_IRQHandler
                0x000000000800611c                EXTI0_IRQHandler
                0x000000000800611c                I2C2_EV_IRQHandler
                0x000000000800611c                DMA1_Stream2_IRQHandler
                0x000000000800611c                CAN1_RX0_IRQHandler
                0x000000000800611c                FPU_IRQHandler
                0x000000000800611c                OTG_HS_WKUP_IRQHandler
                0x000000000800611c                CAN3_SCE_IRQHandler
                0x000000000800611c                LTDC_ER_IRQHandler
                0x000000000800611c                CAN2_SCE_IRQHandler
                0x000000000800611c                DMA2_Stream2_IRQHandler
                0x000000000800611c                SPI1_IRQHandler
                0x000000000800611c                TIM6_DAC_IRQHandler
                0x000000000800611c                TIM1_BRK_TIM9_IRQHandler
                0x000000000800611c                DCMI_IRQHandler
                0x000000000800611c                CAN2_RX0_IRQHandler
                0x000000000800611c                DMA2_Stream3_IRQHandler
                0x000000000800611c                SAI2_IRQHandler
                0x000000000800611c                DFSDM1_FLT3_IRQHandler
                0x000000000800611c                USART6_IRQHandler
                0x000000000800611c                CAN3_RX0_IRQHandler
                0x000000000800611c                USART3_IRQHandler
                0x000000000800611c                CAN1_RX1_IRQHandler
                0x000000000800611c                UART5_IRQHandler
                0x000000000800611c                TIM4_IRQHandler
                0x000000000800611c                QUADSPI_IRQHandler
                0x000000000800611c                I2C1_EV_IRQHandler
                0x000000000800611c                DMA1_Stream6_IRQHandler
                0x000000000800611c                DMA1_Stream1_IRQHandler
                0x000000000800611c                UART4_IRQHandler
                0x000000000800611c                TIM3_IRQHandler
                0x000000000800611c                RCC_IRQHandler
                0x000000000800611c                TIM8_BRK_TIM12_IRQHandler
                0x000000000800611c                Default_Handler
                0x000000000800611c                CEC_IRQHandler
                0x000000000800611c                EXTI15_10_IRQHandler
                0x000000000800611c                ADC_IRQHandler
                0x000000000800611c                DMA1_Stream7_IRQHandler
                0x000000000800611c                SPI5_IRQHandler
                0x000000000800611c                TIM7_IRQHandler
                0x000000000800611c                SDMMC1_IRQHandler
                0x000000000800611c                CAN2_TX_IRQHandler
                0x000000000800611c                TIM5_IRQHandler
                0x000000000800611c                DMA2_Stream7_IRQHandler
                0x000000000800611c                I2C3_EV_IRQHandler
                0x000000000800611c                EXTI9_5_IRQHandler
                0x000000000800611c                RTC_WKUP_IRQHandler
                0x000000000800611c                LTDC_IRQHandler
                0x000000000800611c                ETH_WKUP_IRQHandler
                0x000000000800611c                SPDIF_RX_IRQHandler
                0x000000000800611c                SPI2_IRQHandler
                0x000000000800611c                OTG_HS_EP1_IN_IRQHandler
                0x000000000800611c                DMA1_Stream0_IRQHandler
                0x000000000800611c                CAN1_TX_IRQHandler
                0x000000000800611c                EXTI4_IRQHandler
                0x000000000800611c                RNG_IRQHandler
                0x000000000800611c                DSI_IRQHandler
                0x000000000800611c                ETH_IRQHandler
                0x000000000800611c                OTG_HS_EP1_OUT_IRQHandler
                0x000000000800611c                WWDG_IRQHandler
                0x000000000800611c                SPI6_IRQHandler
                0x000000000800611c                MDIOS_IRQHandler
                0x000000000800611c                I2C4_EV_IRQHandler
                0x000000000800611c                CAN3_TX_IRQHandler
                0x000000000800611c                TIM2_IRQHandler
                0x000000000800611c                OTG_FS_WKUP_IRQHandler
                0x000000000800611c                TIM1_TRG_COM_TIM11_IRQHandler
                0x000000000800611c                OTG_HS_IRQHandler
                0x000000000800611c                DMA2D_IRQHandler
                0x000000000800611c                EXTI1_IRQHandler
                0x000000000800611c                UART7_IRQHandler
                0x000000000800611c                USART2_IRQHandler
                0x000000000800611c                DFSDM1_FLT0_IRQHandler
                0x000000000800611c                I2C2_ER_IRQHandler
                0x000000000800611c                DMA2_Stream1_IRQHandler
                0x000000000800611c                CAN1_SCE_IRQHandler
                0x000000000800611c                FLASH_IRQHandler
                0x000000000800611c                DMA2_Stream4_IRQHandler
                0x000000000800611c                USART1_IRQHandler
                0x000000000800611c                OTG_FS_IRQHandler
                0x000000000800611c                SPI3_IRQHandler
                0x000000000800611c                DMA1_Stream4_IRQHandler
                0x000000000800611c                I2C1_ER_IRQHandler
                0x000000000800611c                FMC_IRQHandler
                0x000000000800611c                LPTIM1_IRQHandler
                0x000000000800611c                I2C4_ER_IRQHandler
                0x000000000800611c                DMA2_Stream6_IRQHandler
                0x000000000800611c                SAI1_IRQHandler
                0x000000000800611c                DMA1_Stream3_IRQHandler
 .text.HAL_Init
                0x000000000800611e       0x1a ./Drivers/STM32F7xx_HAL_Driver/Src/stm32f7xx_hal.o
                0x000000000800611e                HAL_Init
 .text.HAL_InitTick
                0x0000000008006138       0x60 ./Drivers/STM32F7xx_HAL_Driver/Src/stm32f7xx_hal.o
                0x0000000008006138                HAL_InitTick
 .text.HAL_IncTick
                0x0000000008006198       0x28 ./Drivers/STM32F7xx_HAL_Driver/Src/stm32f7xx_hal.o
                0x0000000008006198                HAL_IncTick
 .text.HAL_GetTick
                0x00000000080061c0       0x18 ./Drivers/STM32F7xx_HAL_Driver/Src/stm32f7xx_hal.o
                0x00000000080061c0                HAL_GetTick
 .text.HAL_Delay
                0x00000000080061d8       0x48 ./Drivers/STM32F7xx_HAL_Driver/Src/stm32f7xx_hal.o
                0x00000000080061d8                HAL_Delay
 .text.__NVIC_SetPriorityGrouping
                0x0000000008006220       0x48 ./Drivers/STM32F7xx_HAL_Driver/Src/stm32f7xx_hal_cortex.o
 .text.__NVIC_GetPriorityGrouping
                0x0000000008006268       0x1c ./Drivers/STM32F7xx_HAL_Driver/Src/stm32f7xx_hal_cortex.o
 .text.__NVIC_EnableIRQ
                0x0000000008006284       0x3c ./Drivers/STM32F7xx_HAL_Driver/Src/stm32f7xx_hal_cortex.o
 .text.__NVIC_SetPriority
                0x00000000080062c0       0x54 ./Drivers/STM32F7xx_HAL_Driver/Src/stm32f7xx_hal_cortex.o
 .text.NVIC_EncodePriority
                0x0000000008006314       0x66 ./Drivers/STM32F7xx_HAL_Driver/Src/stm32f7xx_hal_cortex.o
 *fill*         0x000000000800637a        0x2 
 .text.SysTick_Config
                0x000000000800637c       0x44 ./Drivers/STM32F7xx_HAL_Driver/Src/stm32f7xx_hal_cortex.o
 .text.HAL_NVIC_SetPriorityGrouping
                0x00000000080063c0       0x16 ./Drivers/STM32F7xx_HAL_Driver/Src/stm32f7xx_hal_cortex.o
                0x00000000080063c0                HAL_NVIC_SetPriorityGrouping
 .text.HAL_NVIC_SetPriority
                0x00000000080063d6       0x38 ./Drivers/STM32F7xx_HAL_Driver/Src/stm32f7xx_hal_cortex.o
                0x00000000080063d6                HAL_NVIC_SetPriority
 .text.HAL_NVIC_EnableIRQ
                0x000000000800640e       0x1c ./Drivers/STM32F7xx_HAL_Driver/Src/stm32f7xx_hal_cortex.o
                0x000000000800640e                HAL_NVIC_EnableIRQ
 .text.HAL_SYSTICK_Config
                0x000000000800642a       0x18 ./Drivers/STM32F7xx_HAL_Driver/Src/stm32f7xx_hal_cortex.o
                0x000000000800642a                HAL_SYSTICK_Config
 *fill*         0x0000000008006442        0x2 
 .text.HAL_CRC_Init
                0x0000000008006444       0xc8 ./Drivers/STM32F7xx_HAL_Driver/Src/stm32f7xx_hal_crc.o
                0x0000000008006444                HAL_CRC_Init
 .text.HAL_CRCEx_Polynomial_Set
                0x000000000800650c      0x10c ./Drivers/STM32F7xx_HAL_Driver/Src/stm32f7xx_hal_crc_ex.o
                0x000000000800650c                HAL_CRCEx_Polynomial_Set
 .text.HAL_DMA_Init
                0x0000000008006618      0x15c ./Drivers/STM32F7xx_HAL_Driver/Src/stm32f7xx_hal_dma.o
                0x0000000008006618                HAL_DMA_Init
 .text.HAL_DMA_Start_IT
                0x0000000008006774       0xc0 ./Drivers/STM32F7xx_HAL_Driver/Src/stm32f7xx_hal_dma.o
                0x0000000008006774                HAL_DMA_Start_IT
 .text.HAL_DMA_Abort_IT
                0x0000000008006834       0x44 ./Drivers/STM32F7xx_HAL_Driver/Src/stm32f7xx_hal_dma.o
                0x0000000008006834                HAL_DMA_Abort_IT
 .text.HAL_DMA_IRQHandler
                0x0000000008006878      0x314 ./Drivers/STM32F7xx_HAL_Driver/Src/stm32f7xx_hal_dma.o
                0x0000000008006878                HAL_DMA_IRQHandler
 .text.HAL_DMA_GetError
                0x0000000008006b8c       0x18 ./Drivers/STM32F7xx_HAL_Driver/Src/stm32f7xx_hal_dma.o
                0x0000000008006b8c                HAL_DMA_GetError
 .text.DMA_SetConfig
                0x0000000008006ba4       0x5c ./Drivers/STM32F7xx_HAL_Driver/Src/stm32f7xx_hal_dma.o
 .text.DMA_CalcBaseAndBitshift
                0x0000000008006c00       0x6c ./Drivers/STM32F7xx_HAL_Driver/Src/stm32f7xx_hal_dma.o
 .text.DMA_CheckFifoParam
                0x0000000008006c6c       0xf8 ./Drivers/STM32F7xx_HAL_Driver/Src/stm32f7xx_hal_dma.o
 .text.HAL_GPIO_Init
                0x0000000008006d64      0x358 ./Drivers/STM32F7xx_HAL_Driver/Src/stm32f7xx_hal_gpio.o
                0x0000000008006d64                HAL_GPIO_Init
 .text.HAL_GPIO_ReadPin
                0x00000000080070bc       0x30 ./Drivers/STM32F7xx_HAL_Driver/Src/stm32f7xx_hal_gpio.o
                0x00000000080070bc                HAL_GPIO_ReadPin
 .text.HAL_RCC_OscConfig
                0x00000000080070ec      0x55c ./Drivers/STM32F7xx_HAL_Driver/Src/stm32f7xx_hal_rcc.o
                0x00000000080070ec                HAL_RCC_OscConfig
 .text.HAL_RCC_ClockConfig
                0x0000000008007648      0x1d8 ./Drivers/STM32F7xx_HAL_Driver/Src/stm32f7xx_hal_rcc.o
                0x0000000008007648                HAL_RCC_ClockConfig
 .text.HAL_RCC_MCOConfig
                0x0000000008007820       0xc8 ./Drivers/STM32F7xx_HAL_Driver/Src/stm32f7xx_hal_rcc.o
                0x0000000008007820                HAL_RCC_MCOConfig
 .text.HAL_RCC_GetSysClockFreq
                0x00000000080078e8      0x16c ./Drivers/STM32F7xx_HAL_Driver/Src/stm32f7xx_hal_rcc.o
                0x00000000080078e8                HAL_RCC_GetSysClockFreq
 .text.HAL_RCC_GetHCLKFreq
                0x0000000008007a54       0x18 ./Drivers/STM32F7xx_HAL_Driver/Src/stm32f7xx_hal_rcc.o
                0x0000000008007a54                HAL_RCC_GetHCLKFreq
 .text.HAL_RCC_GetPCLK1Freq
                0x0000000008007a6c       0x28 ./Drivers/STM32F7xx_HAL_Driver/Src/stm32f7xx_hal_rcc.o
                0x0000000008007a6c                HAL_RCC_GetPCLK1Freq
 .text.HAL_RCC_GetPCLK2Freq
                0x0000000008007a94       0x28 ./Drivers/STM32F7xx_HAL_Driver/Src/stm32f7xx_hal_rcc.o
                0x0000000008007a94                HAL_RCC_GetPCLK2Freq
 .text.HAL_RCCEx_PeriphCLKConfig
                0x0000000008007abc      0x850 ./Drivers/STM32F7xx_HAL_Driver/Src/stm32f7xx_hal_rcc_ex.o
                0x0000000008007abc                HAL_RCCEx_PeriphCLKConfig
 .text.HAL_SD_Init
                0x000000000800830c       0x60 ./Drivers/STM32F7xx_HAL_Driver/Src/stm32f7xx_hal_sd.o
                0x000000000800830c                HAL_SD_Init
 .text.HAL_SD_InitCard
                0x000000000800836c      0x110 ./Drivers/STM32F7xx_HAL_Driver/Src/stm32f7xx_hal_sd.o
                0x000000000800836c                HAL_SD_InitCard
 .text.HAL_SD_ReadBlocks_DMA
                0x000000000800847c      0x1c4 ./Drivers/STM32F7xx_HAL_Driver/Src/stm32f7xx_hal_sd.o
                0x000000000800847c                HAL_SD_ReadBlocks_DMA
 .text.HAL_SD_WriteBlocks_DMA
                0x0000000008008640      0x1cc ./Drivers/STM32F7xx_HAL_Driver/Src/stm32f7xx_hal_sd.o
                0x0000000008008640                HAL_SD_WriteBlocks_DMA
 .text.HAL_SD_IRQHandler
                0x000000000800880c      0x2ec ./Drivers/STM32F7xx_HAL_Driver/Src/stm32f7xx_hal_sd.o
                0x000000000800880c                HAL_SD_IRQHandler
 .text.HAL_SD_ErrorCallback
                0x0000000008008af8       0x14 ./Drivers/STM32F7xx_HAL_Driver/Src/stm32f7xx_hal_sd.o
                0x0000000008008af8                HAL_SD_ErrorCallback
 .text.HAL_SD_GetCardCSD
                0x0000000008008b0c      0x348 ./Drivers/STM32F7xx_HAL_Driver/Src/stm32f7xx_hal_sd.o
                0x0000000008008b0c                HAL_SD_GetCardCSD
 .text.HAL_SD_GetCardInfo
                0x0000000008008e54       0x58 ./Drivers/STM32F7xx_HAL_Driver/Src/stm32f7xx_hal_sd.o
                0x0000000008008e54                HAL_SD_GetCardInfo
 .text.HAL_SD_ConfigWideBusOperation
                0x0000000008008eac      0x134 ./Drivers/STM32F7xx_HAL_Driver/Src/stm32f7xx_hal_sd.o
                0x0000000008008eac                HAL_SD_ConfigWideBusOperation
 .text.HAL_SD_GetCardState
                0x0000000008008fe0       0x40 ./Drivers/STM32F7xx_HAL_Driver/Src/stm32f7xx_hal_sd.o
                0x0000000008008fe0                HAL_SD_GetCardState
 .text.SD_DMATransmitCplt
                0x0000000008009020       0x2a ./Drivers/STM32F7xx_HAL_Driver/Src/stm32f7xx_hal_sd.o
 .text.SD_DMAReceiveCplt
                0x000000000800904a       0x70 ./Drivers/STM32F7xx_HAL_Driver/Src/stm32f7xx_hal_sd.o
 *fill*         0x00000000080090ba        0x2 
 .text.SD_DMAError
                0x00000000080090bc       0xa4 ./Drivers/STM32F7xx_HAL_Driver/Src/stm32f7xx_hal_sd.o
 .text.SD_DMATxAbort
                0x0000000008009160       0x6e ./Drivers/STM32F7xx_HAL_Driver/Src/stm32f7xx_hal_sd.o
 .text.SD_DMARxAbort
                0x00000000080091ce       0x6e ./Drivers/STM32F7xx_HAL_Driver/Src/stm32f7xx_hal_sd.o
 .text.SD_InitCard
                0x000000000800923c      0x198 ./Drivers/STM32F7xx_HAL_Driver/Src/stm32f7xx_hal_sd.o
 .text.SD_PowerON
                0x00000000080093d4      0x11c ./Drivers/STM32F7xx_HAL_Driver/Src/stm32f7xx_hal_sd.o
 .text.SD_SendStatus
                0x00000000080094f0       0x50 ./Drivers/STM32F7xx_HAL_Driver/Src/stm32f7xx_hal_sd.o
 .text.SD_WideBus_Enable
                0x0000000008009540       0x96 ./Drivers/STM32F7xx_HAL_Driver/Src/stm32f7xx_hal_sd.o
 .text.SD_WideBus_Disable
                0x00000000080095d6       0x96 ./Drivers/STM32F7xx_HAL_Driver/Src/stm32f7xx_hal_sd.o
 .text.SD_FindSCR
                0x000000000800966c      0x1a6 ./Drivers/STM32F7xx_HAL_Driver/Src/stm32f7xx_hal_sd.o
 .text.SD_Read_IT
                0x0000000008009812       0xa2 ./Drivers/STM32F7xx_HAL_Driver/Src/stm32f7xx_hal_sd.o
 .text.SD_Write_IT
                0x00000000080098b4       0xaa ./Drivers/STM32F7xx_HAL_Driver/Src/stm32f7xx_hal_sd.o
 .text.HAL_UART_Init
                0x000000000800995e       0x9c ./Drivers/STM32F7xx_HAL_Driver/Src/stm32f7xx_hal_uart.o
                0x000000000800995e                HAL_UART_Init
 .text.HAL_UART_Transmit
                0x00000000080099fa      0x126 ./Drivers/STM32F7xx_HAL_Driver/Src/stm32f7xx_hal_uart.o
                0x00000000080099fa                HAL_UART_Transmit
 .text.UART_SetConfig
                0x0000000008009b20      0x4c4 ./Drivers/STM32F7xx_HAL_Driver/Src/stm32f7xx_hal_uart.o
                0x0000000008009b20                UART_SetConfig
 .text.UART_AdvFeatureConfig
                0x0000000008009fe4      0x144 ./Drivers/STM32F7xx_HAL_Driver/Src/stm32f7xx_hal_uart.o
                0x0000000008009fe4                UART_AdvFeatureConfig
 .text.UART_CheckIdleState
                0x000000000800a128       0x92 ./Drivers/STM32F7xx_HAL_Driver/Src/stm32f7xx_hal_uart.o
                0x000000000800a128                UART_CheckIdleState
 .text.UART_WaitOnFlagUntilTimeout
                0x000000000800a1ba      0x188 ./Drivers/STM32F7xx_HAL_Driver/Src/stm32f7xx_hal_uart.o
                0x000000000800a1ba                UART_WaitOnFlagUntilTimeout
 *fill*         0x000000000800a342        0x2 
 .text.SDMMC_Init
                0x000000000800a344       0x58 ./Drivers/STM32F7xx_HAL_Driver/Src/stm32f7xx_ll_sdmmc.o
                0x000000000800a344                SDMMC_Init
 .text.SDMMC_ReadFIFO
                0x000000000800a39c       0x1a ./Drivers/STM32F7xx_HAL_Driver/Src/stm32f7xx_ll_sdmmc.o
                0x000000000800a39c                SDMMC_ReadFIFO
 .text.SDMMC_WriteFIFO
                0x000000000800a3b6       0x22 ./Drivers/STM32F7xx_HAL_Driver/Src/stm32f7xx_ll_sdmmc.o
                0x000000000800a3b6                SDMMC_WriteFIFO
 .text.SDMMC_PowerState_ON
                0x000000000800a3d8       0x1c ./Drivers/STM32F7xx_HAL_Driver/Src/stm32f7xx_ll_sdmmc.o
                0x000000000800a3d8                SDMMC_PowerState_ON
 .text.SDMMC_GetPowerState
                0x000000000800a3f4       0x1c ./Drivers/STM32F7xx_HAL_Driver/Src/stm32f7xx_ll_sdmmc.o
                0x000000000800a3f4                SDMMC_GetPowerState
 .text.SDMMC_SendCommand
                0x000000000800a410       0x54 ./Drivers/STM32F7xx_HAL_Driver/Src/stm32f7xx_ll_sdmmc.o
                0x000000000800a410                SDMMC_SendCommand
 .text.SDMMC_GetCommandResponse
                0x000000000800a464       0x1a ./Drivers/STM32F7xx_HAL_Driver/Src/stm32f7xx_ll_sdmmc.o
                0x000000000800a464                SDMMC_GetCommandResponse
 .text.SDMMC_GetResponse
                0x000000000800a47e       0x26 ./Drivers/STM32F7xx_HAL_Driver/Src/stm32f7xx_ll_sdmmc.o
                0x000000000800a47e                SDMMC_GetResponse
 .text.SDMMC_ConfigData
                0x000000000800a4a4       0x58 ./Drivers/STM32F7xx_HAL_Driver/Src/stm32f7xx_ll_sdmmc.o
                0x000000000800a4a4                SDMMC_ConfigData
 .text.SDMMC_CmdBlockLength
                0x000000000800a4fc       0x44 ./Drivers/STM32F7xx_HAL_Driver/Src/stm32f7xx_ll_sdmmc.o
                0x000000000800a4fc                SDMMC_CmdBlockLength
 .text.SDMMC_CmdReadSingleBlock
                0x000000000800a540       0x44 ./Drivers/STM32F7xx_HAL_Driver/Src/stm32f7xx_ll_sdmmc.o
                0x000000000800a540                SDMMC_CmdReadSingleBlock
 .text.SDMMC_CmdReadMultiBlock
                0x000000000800a584       0x44 ./Drivers/STM32F7xx_HAL_Driver/Src/stm32f7xx_ll_sdmmc.o
                0x000000000800a584                SDMMC_CmdReadMultiBlock
 .text.SDMMC_CmdWriteSingleBlock
                0x000000000800a5c8       0x44 ./Drivers/STM32F7xx_HAL_Driver/Src/stm32f7xx_ll_sdmmc.o
                0x000000000800a5c8                SDMMC_CmdWriteSingleBlock
 .text.SDMMC_CmdWriteMultiBlock
                0x000000000800a60c       0x44 ./Drivers/STM32F7xx_HAL_Driver/Src/stm32f7xx_ll_sdmmc.o
                0x000000000800a60c                SDMMC_CmdWriteMultiBlock
 .text.SDMMC_CmdStopTransfer
                0x000000000800a650       0x44 ./Drivers/STM32F7xx_HAL_Driver/Src/stm32f7xx_ll_sdmmc.o
                0x000000000800a650                SDMMC_CmdStopTransfer
 .text.SDMMC_CmdSelDesel
                0x000000000800a694       0x46 ./Drivers/STM32F7xx_HAL_Driver/Src/stm32f7xx_ll_sdmmc.o
                0x000000000800a694                SDMMC_CmdSelDesel
 .text.SDMMC_CmdGoIdleState
                0x000000000800a6da       0x3c ./Drivers/STM32F7xx_HAL_Driver/Src/stm32f7xx_ll_sdmmc.o
                0x000000000800a6da                SDMMC_CmdGoIdleState
 .text.SDMMC_CmdOperCond
                0x000000000800a716       0x3e ./Drivers/STM32F7xx_HAL_Driver/Src/stm32f7xx_ll_sdmmc.o
                0x000000000800a716                SDMMC_CmdOperCond
 .text.SDMMC_CmdAppCommand
                0x000000000800a754       0x44 ./Drivers/STM32F7xx_HAL_Driver/Src/stm32f7xx_ll_sdmmc.o
                0x000000000800a754                SDMMC_CmdAppCommand
 .text.SDMMC_CmdAppOperCommand
                0x000000000800a798       0x48 ./Drivers/STM32F7xx_HAL_Driver/Src/stm32f7xx_ll_sdmmc.o
                0x000000000800a798                SDMMC_CmdAppOperCommand
 .text.SDMMC_CmdBusWidth
                0x000000000800a7e0       0x44 ./Drivers/STM32F7xx_HAL_Driver/Src/stm32f7xx_ll_sdmmc.o
                0x000000000800a7e0                SDMMC_CmdBusWidth
 .text.SDMMC_CmdSendSCR
                0x000000000800a824       0x42 ./Drivers/STM32F7xx_HAL_Driver/Src/stm32f7xx_ll_sdmmc.o
                0x000000000800a824                SDMMC_CmdSendSCR
 .text.SDMMC_CmdSendCID
                0x000000000800a866       0x3c ./Drivers/STM32F7xx_HAL_Driver/Src/stm32f7xx_ll_sdmmc.o
                0x000000000800a866                SDMMC_CmdSendCID
 .text.SDMMC_CmdSendCSD
                0x000000000800a8a2       0x3e ./Drivers/STM32F7xx_HAL_Driver/Src/stm32f7xx_ll_sdmmc.o
                0x000000000800a8a2                SDMMC_CmdSendCSD
 .text.SDMMC_CmdSetRelAdd
                0x000000000800a8e0       0x42 ./Drivers/STM32F7xx_HAL_Driver/Src/stm32f7xx_ll_sdmmc.o
                0x000000000800a8e0                SDMMC_CmdSetRelAdd
 .text.SDMMC_CmdSendStatus
                0x000000000800a922       0x44 ./Drivers/STM32F7xx_HAL_Driver/Src/stm32f7xx_ll_sdmmc.o
                0x000000000800a922                SDMMC_CmdSendStatus
 *fill*         0x000000000800a966        0x2 
 .text.SDMMC_GetCmdResp1
                0x000000000800a968      0x1dc ./Drivers/STM32F7xx_HAL_Driver/Src/stm32f7xx_ll_sdmmc.o
                0x000000000800a968                SDMMC_GetCmdResp1
 .text.SDMMC_GetCmdResp2
                0x000000000800ab44       0x90 ./Drivers/STM32F7xx_HAL_Driver/Src/stm32f7xx_ll_sdmmc.o
                0x000000000800ab44                SDMMC_GetCmdResp2
 .text.SDMMC_GetCmdResp3
                0x000000000800abd4       0x7c ./Drivers/STM32F7xx_HAL_Driver/Src/stm32f7xx_ll_sdmmc.o
                0x000000000800abd4                SDMMC_GetCmdResp3
 .text.SDMMC_GetCmdResp6
                0x000000000800ac50       0xec ./Drivers/STM32F7xx_HAL_Driver/Src/stm32f7xx_ll_sdmmc.o
                0x000000000800ac50                SDMMC_GetCmdResp6
 .text.SDMMC_GetCmdResp7
                0x000000000800ad3c       0x9c ./Drivers/STM32F7xx_HAL_Driver/Src/stm32f7xx_ll_sdmmc.o
                0x000000000800ad3c                SDMMC_GetCmdResp7
 .text.SDMMC_GetCmdError
                0x000000000800add8       0x58 ./Drivers/STM32F7xx_HAL_Driver/Src/stm32f7xx_ll_sdmmc.o
 .text.MX_FATFS_Init
                0x000000000800ae30       0x24 ./FATFS/App/fatfs.o
                0x000000000800ae30                MX_FATFS_Init
 .text.get_fattime
                0x000000000800ae54       0x10 ./FATFS/App/fatfs.o
                0x000000000800ae54                get_fattime
 .text.BSP_SD_Init
                0x000000000800ae64       0x4c ./FATFS/Target/bsp_driver_sd.o
                0x000000000800ae64                BSP_SD_Init
 .text.BSP_SD_ReadBlocks_DMA
                0x000000000800aeb0       0x34 ./FATFS/Target/bsp_driver_sd.o
                0x000000000800aeb0                BSP_SD_ReadBlocks_DMA
 .text.BSP_SD_WriteBlocks_DMA
                0x000000000800aee4       0x34 ./FATFS/Target/bsp_driver_sd.o
                0x000000000800aee4                BSP_SD_WriteBlocks_DMA
 .text.BSP_SD_GetCardState
                0x000000000800af18       0x20 ./FATFS/Target/bsp_driver_sd.o
                0x000000000800af18                BSP_SD_GetCardState
 .text.BSP_SD_GetCardInfo
                0x000000000800af38       0x1c ./FATFS/Target/bsp_driver_sd.o
                0x000000000800af38                BSP_SD_GetCardInfo
 .text.HAL_SD_AbortCallback
                0x000000000800af54       0x14 ./FATFS/Target/bsp_driver_sd.o
                0x000000000800af54                HAL_SD_AbortCallback
 .text.HAL_SD_TxCpltCallback
                0x000000000800af68       0x14 ./FATFS/Target/bsp_driver_sd.o
                0x000000000800af68                HAL_SD_TxCpltCallback
 .text.HAL_SD_RxCpltCallback
                0x000000000800af7c       0x14 ./FATFS/Target/bsp_driver_sd.o
                0x000000000800af7c                HAL_SD_RxCpltCallback
 .text.BSP_SD_AbortCallback
                0x000000000800af90        0xe ./FATFS/Target/bsp_driver_sd.o
                0x000000000800af90                BSP_SD_AbortCallback
 .text.BSP_SD_IsDetected
                0x000000000800af9e       0x24 ./FATFS/Target/bsp_driver_sd.o
                0x000000000800af9e                BSP_SD_IsDetected
 *fill*         0x000000000800afc2        0x2 
 .text.BSP_PlatformIsDetected
                0x000000000800afc4       0x2c ./FATFS/Target/fatfs_platform.o
                0x000000000800afc4                BSP_PlatformIsDetected
 .text.SD_CheckStatusWithTimeout
                0x000000000800aff0       0x3a ./FATFS/Target/sd_diskio.o
 *fill*         0x000000000800b02a        0x2 
 .text.SD_CheckStatus
                0x000000000800b02c       0x3c ./FATFS/Target/sd_diskio.o
 .text.SD_initialize
                0x000000000800b068       0x38 ./FATFS/Target/sd_diskio.o
                0x000000000800b068                SD_initialize
 .text.SD_status
                0x000000000800b0a0       0x1c ./FATFS/Target/sd_diskio.o
                0x000000000800b0a0                SD_status
 .text.SD_read  0x000000000800b0bc       0xac ./FATFS/Target/sd_diskio.o
                0x000000000800b0bc                SD_read
 .text.SD_write
                0x000000000800b168       0xac ./FATFS/Target/sd_diskio.o
                0x000000000800b168                SD_write
 .text.SD_ioctl
                0x000000000800b214       0xb0 ./FATFS/Target/sd_diskio.o
                0x000000000800b214                SD_ioctl
 .text.BSP_SD_WriteCpltCallback
                0x000000000800b2c4       0x18 ./FATFS/Target/sd_diskio.o
                0x000000000800b2c4                BSP_SD_WriteCpltCallback
 .text.BSP_SD_ReadCpltCallback
                0x000000000800b2dc       0x18 ./FATFS/Target/sd_diskio.o
                0x000000000800b2dc                BSP_SD_ReadCpltCallback
 .text.disk_status
                0x000000000800b2f4       0x34 ./Middlewares/Third_Party/FatFs/src/diskio.o
                0x000000000800b2f4                disk_status
 .text.disk_initialize
                0x000000000800b328       0x4c ./Middlewares/Third_Party/FatFs/src/diskio.o
                0x000000000800b328                disk_initialize
 .text.disk_read
                0x000000000800b374       0x40 ./Middlewares/Third_Party/FatFs/src/diskio.o
                0x000000000800b374                disk_read
 .text.disk_write
                0x000000000800b3b4       0x40 ./Middlewares/Third_Party/FatFs/src/diskio.o
                0x000000000800b3b4                disk_write
 .text.disk_ioctl
                0x000000000800b3f4       0x3c ./Middlewares/Third_Party/FatFs/src/diskio.o
                0x000000000800b3f4                disk_ioctl
 .text.ld_word  0x000000000800b430       0x30 ./Middlewares/Third_Party/FatFs/src/ff.o
 .text.ld_dword
                0x000000000800b460       0x46 ./Middlewares/Third_Party/FatFs/src/ff.o
 .text.st_word  0x000000000800b4a6       0x36 ./Middlewares/Third_Party/FatFs/src/ff.o
 .text.st_dword
                0x000000000800b4dc       0x58 ./Middlewares/Third_Party/FatFs/src/ff.o
 .text.mem_cpy  0x000000000800b534       0x42 ./Middlewares/Third_Party/FatFs/src/ff.o
 .text.mem_set  0x000000000800b576       0x36 ./Middlewares/Third_Party/FatFs/src/ff.o
 .text.mem_cmp  0x000000000800b5ac       0x4e ./Middlewares/Third_Party/FatFs/src/ff.o
 .text.chk_chr  0x000000000800b5fa       0x36 ./Middlewares/Third_Party/FatFs/src/ff.o
 .text.chk_lock
                0x000000000800b630       0xb8 ./Middlewares/Third_Party/FatFs/src/ff.o
 .text.enq_lock
                0x000000000800b6e8       0x44 ./Middlewares/Third_Party/FatFs/src/ff.o
 .text.inc_lock
                0x000000000800b72c      0x11c ./Middlewares/Third_Party/FatFs/src/ff.o
 .text.dec_lock
                0x000000000800b848       0x78 ./Middlewares/Third_Party/FatFs/src/ff.o
 .text.clear_lock
                0x000000000800b8c0       0x48 ./Middlewares/Third_Party/FatFs/src/ff.o
 .text.sync_window
                0x000000000800b908       0x88 ./Middlewares/Third_Party/FatFs/src/ff.o
 .text.move_window
                0x000000000800b990       0x5a ./Middlewares/Third_Party/FatFs/src/ff.o
 *fill*         0x000000000800b9ea        0x2 
 .text.sync_fs  0x000000000800b9ec       0xdc ./Middlewares/Third_Party/FatFs/src/ff.o
 .text.clust2sect
                0x000000000800bac8       0x3e ./Middlewares/Third_Party/FatFs/src/ff.o
 .text.get_fat  0x000000000800bb06      0x150 ./Middlewares/Third_Party/FatFs/src/ff.o
 .text.put_fat  0x000000000800bc56      0x1d8 ./Middlewares/Third_Party/FatFs/src/ff.o
 .text.remove_chain
                0x000000000800be2e       0xca ./Middlewares/Third_Party/FatFs/src/ff.o
 .text.create_chain
                0x000000000800bef8      0x130 ./Middlewares/Third_Party/FatFs/src/ff.o
 .text.clmt_clust
                0x000000000800c028       0x68 ./Middlewares/Third_Party/FatFs/src/ff.o
 .text.dir_sdi  0x000000000800c090       0xf6 ./Middlewares/Third_Party/FatFs/src/ff.o
 .text.dir_next
                0x000000000800c186      0x18a ./Middlewares/Third_Party/FatFs/src/ff.o
 .text.dir_alloc
                0x000000000800c310       0x8e ./Middlewares/Third_Party/FatFs/src/ff.o
 .text.ld_clust
                0x000000000800c39e       0x3e ./Middlewares/Third_Party/FatFs/src/ff.o
 .text.st_clust
                0x000000000800c3dc       0x40 ./Middlewares/Third_Party/FatFs/src/ff.o
 .text.dir_find
                0x000000000800c41c       0xaa ./Middlewares/Third_Party/FatFs/src/ff.o
 .text.dir_register
                0x000000000800c4c6       0x64 ./Middlewares/Third_Party/FatFs/src/ff.o
 *fill*         0x000000000800c52a        0x2 
 .text.create_name
                0x000000000800c52c      0x128 ./Middlewares/Third_Party/FatFs/src/ff.o
 .text.follow_path
                0x000000000800c654       0xe2 ./Middlewares/Third_Party/FatFs/src/ff.o
 .text.get_ldnumber
                0x000000000800c736       0x88 ./Middlewares/Third_Party/FatFs/src/ff.o
 *fill*         0x000000000800c7be        0x2 
 .text.check_fs
                0x000000000800c7c0       0xac ./Middlewares/Third_Party/FatFs/src/ff.o
 .text.find_volume
                0x000000000800c86c      0x498 ./Middlewares/Third_Party/FatFs/src/ff.o
 .text.validate
                0x000000000800cd04       0x6a ./Middlewares/Third_Party/FatFs/src/ff.o
 *fill*         0x000000000800cd6e        0x2 
 .text.f_mount  0x000000000800cd70       0x8c ./Middlewares/Third_Party/FatFs/src/ff.o
                0x000000000800cd70                f_mount
 .text.f_open   0x000000000800cdfc      0x37c ./Middlewares/Third_Party/FatFs/src/ff.o
                0x000000000800cdfc                f_open
 .text.f_read   0x000000000800d178      0x27e ./Middlewares/Third_Party/FatFs/src/ff.o
                0x000000000800d178                f_read
 .text.f_sync   0x000000000800d3f6       0xfc ./Middlewares/Third_Party/FatFs/src/ff.o
                0x000000000800d3f6                f_sync
 .text.f_close  0x000000000800d4f2       0x54 ./Middlewares/Third_Party/FatFs/src/ff.o
                0x000000000800d4f2                f_close
 *fill*         0x000000000800d546        0x2 
 .text.FATFS_LinkDriverEx
                0x000000000800d548       0x98 ./Middlewares/Third_Party/FatFs/src/ff_gen_drv.o
                0x000000000800d548                FATFS_LinkDriverEx
 .text.FATFS_LinkDriver
                0x000000000800d5e0       0x1e ./Middlewares/Third_Party/FatFs/src/ff_gen_drv.o
                0x000000000800d5e0                FATFS_LinkDriver
 *fill*         0x000000000800d5fe        0x2 
 .text.__errno  0x000000000800d600        0xc /opt/st/stm32cubeide_1.8.0/plugins/com.st.stm32cube.ide.mcu.externaltools.gnu-tools-for-stm32.9-2020-q2-update.linux64_2.0.0.202105311346/tools/bin/../lib/gcc/arm-none-eabi/9.3.1/../../../../arm-none-eabi/lib/thumb/v7e-m+dp/hard/libc_nano.a(lib_a-errno.o)
                0x000000000800d600                __errno
 .text.exit     0x000000000800d60c       0x28 /opt/st/stm32cubeide_1.8.0/plugins/com.st.stm32cube.ide.mcu.externaltools.gnu-tools-for-stm32.9-2020-q2-update.linux64_2.0.0.202105311346/tools/bin/../lib/gcc/arm-none-eabi/9.3.1/../../../../arm-none-eabi/lib/thumb/v7e-m+dp/hard/libc_nano.a(lib_a-exit.o)
                0x000000000800d60c                exit
 .text._fclose_r
                0x000000000800d634       0xd8 /opt/st/stm32cubeide_1.8.0/plugins/com.st.stm32cube.ide.mcu.externaltools.gnu-tools-for-stm32.9-2020-q2-update.linux64_2.0.0.202105311346/tools/bin/../lib/gcc/arm-none-eabi/9.3.1/../../../../arm-none-eabi/lib/thumb/v7e-m+dp/hard/libc_nano.a(lib_a-fclose.o)
                0x000000000800d634                _fclose_r
 .text.fclose   0x000000000800d70c       0x10 /opt/st/stm32cubeide_1.8.0/plugins/com.st.stm32cube.ide.mcu.externaltools.gnu-tools-for-stm32.9-2020-q2-update.linux64_2.0.0.202105311346/tools/bin/../lib/gcc/arm-none-eabi/9.3.1/../../../../arm-none-eabi/lib/thumb/v7e-m+dp/hard/libc_nano.a(lib_a-fclose.o)
                0x000000000800d70c                fclose
 .text.__sflush_r
                0x000000000800d71c      0x10c /opt/st/stm32cubeide_1.8.0/plugins/com.st.stm32cube.ide.mcu.externaltools.gnu-tools-for-stm32.9-2020-q2-update.linux64_2.0.0.202105311346/tools/bin/../lib/gcc/arm-none-eabi/9.3.1/../../../../arm-none-eabi/lib/thumb/v7e-m+dp/hard/libc_nano.a(lib_a-fflush.o)
                0x000000000800d71c                __sflush_r
 .text._fflush_r
                0x000000000800d828       0x78 /opt/st/stm32cubeide_1.8.0/plugins/com.st.stm32cube.ide.mcu.externaltools.gnu-tools-for-stm32.9-2020-q2-update.linux64_2.0.0.202105311346/tools/bin/../lib/gcc/arm-none-eabi/9.3.1/../../../../arm-none-eabi/lib/thumb/v7e-m+dp/hard/libc_nano.a(lib_a-fflush.o)
                0x000000000800d828                _fflush_r
 .text.fflush   0x000000000800d8a0       0x24 /opt/st/stm32cubeide_1.8.0/plugins/com.st.stm32cube.ide.mcu.externaltools.gnu-tools-for-stm32.9-2020-q2-update.linux64_2.0.0.202105311346/tools/bin/../lib/gcc/arm-none-eabi/9.3.1/../../../../arm-none-eabi/lib/thumb/v7e-m+dp/hard/libc_nano.a(lib_a-fflush.o)
                0x000000000800d8a0                fflush
 .text.std      0x000000000800d8c4       0x48 /opt/st/stm32cubeide_1.8.0/plugins/com.st.stm32cube.ide.mcu.externaltools.gnu-tools-for-stm32.9-2020-q2-update.linux64_2.0.0.202105311346/tools/bin/../lib/gcc/arm-none-eabi/9.3.1/../../../../arm-none-eabi/lib/thumb/v7e-m+dp/hard/libc_nano.a(lib_a-findfp.o)
 .text._cleanup_r
                0x000000000800d90c        0xc /opt/st/stm32cubeide_1.8.0/plugins/com.st.stm32cube.ide.mcu.externaltools.gnu-tools-for-stm32.9-2020-q2-update.linux64_2.0.0.202105311346/tools/bin/../lib/gcc/arm-none-eabi/9.3.1/../../../../arm-none-eabi/lib/thumb/v7e-m+dp/hard/libc_nano.a(lib_a-findfp.o)
                0x000000000800d90c                _cleanup_r
 .text.__sfmoreglue
                0x000000000800d918       0x2c /opt/st/stm32cubeide_1.8.0/plugins/com.st.stm32cube.ide.mcu.externaltools.gnu-tools-for-stm32.9-2020-q2-update.linux64_2.0.0.202105311346/tools/bin/../lib/gcc/arm-none-eabi/9.3.1/../../../../arm-none-eabi/lib/thumb/v7e-m+dp/hard/libc_nano.a(lib_a-findfp.o)
                0x000000000800d918                __sfmoreglue
 .text.__sfp_lock_acquire
                0x000000000800d944        0xc /opt/st/stm32cubeide_1.8.0/plugins/com.st.stm32cube.ide.mcu.externaltools.gnu-tools-for-stm32.9-2020-q2-update.linux64_2.0.0.202105311346/tools/bin/../lib/gcc/arm-none-eabi/9.3.1/../../../../arm-none-eabi/lib/thumb/v7e-m+dp/hard/libc_nano.a(lib_a-findfp.o)
                0x000000000800d944                __sfp_lock_acquire
 .text.__sfp_lock_release
                0x000000000800d950        0xc /opt/st/stm32cubeide_1.8.0/plugins/com.st.stm32cube.ide.mcu.externaltools.gnu-tools-for-stm32.9-2020-q2-update.linux64_2.0.0.202105311346/tools/bin/../lib/gcc/arm-none-eabi/9.3.1/../../../../arm-none-eabi/lib/thumb/v7e-m+dp/hard/libc_nano.a(lib_a-findfp.o)
                0x000000000800d950                __sfp_lock_release
 .text.__sinit_lock_acquire
                0x000000000800d95c        0xc /opt/st/stm32cubeide_1.8.0/plugins/com.st.stm32cube.ide.mcu.externaltools.gnu-tools-for-stm32.9-2020-q2-update.linux64_2.0.0.202105311346/tools/bin/../lib/gcc/arm-none-eabi/9.3.1/../../../../arm-none-eabi/lib/thumb/v7e-m+dp/hard/libc_nano.a(lib_a-findfp.o)
                0x000000000800d95c                __sinit_lock_acquire
 .text.__sinit_lock_release
                0x000000000800d968        0xc /opt/st/stm32cubeide_1.8.0/plugins/com.st.stm32cube.ide.mcu.externaltools.gnu-tools-for-stm32.9-2020-q2-update.linux64_2.0.0.202105311346/tools/bin/../lib/gcc/arm-none-eabi/9.3.1/../../../../arm-none-eabi/lib/thumb/v7e-m+dp/hard/libc_nano.a(lib_a-findfp.o)
                0x000000000800d968                __sinit_lock_release
 .text.__sinit  0x000000000800d974       0x70 /opt/st/stm32cubeide_1.8.0/plugins/com.st.stm32cube.ide.mcu.externaltools.gnu-tools-for-stm32.9-2020-q2-update.linux64_2.0.0.202105311346/tools/bin/../lib/gcc/arm-none-eabi/9.3.1/../../../../arm-none-eabi/lib/thumb/v7e-m+dp/hard/libc_nano.a(lib_a-findfp.o)
                0x000000000800d974                __sinit
 .text.__sfp    0x000000000800d9e4       0x8c /opt/st/stm32cubeide_1.8.0/plugins/com.st.stm32cube.ide.mcu.externaltools.gnu-tools-for-stm32.9-2020-q2-update.linux64_2.0.0.202105311346/tools/bin/../lib/gcc/arm-none-eabi/9.3.1/../../../../arm-none-eabi/lib/thumb/v7e-m+dp/hard/libc_nano.a(lib_a-findfp.o)
                0x000000000800d9e4                __sfp
 .text._fopen_r
                0x000000000800da70       0xa8 /opt/st/stm32cubeide_1.8.0/plugins/com.st.stm32cube.ide.mcu.externaltools.gnu-tools-for-stm32.9-2020-q2-update.linux64_2.0.0.202105311346/tools/bin/../lib/gcc/arm-none-eabi/9.3.1/../../../../arm-none-eabi/lib/thumb/v7e-m+dp/hard/libc_nano.a(lib_a-fopen.o)
                0x000000000800da70                _fopen_r
 .text.fopen    0x000000000800db18       0x10 /opt/st/stm32cubeide_1.8.0/plugins/com.st.stm32cube.ide.mcu.externaltools.gnu-tools-for-stm32.9-2020-q2-update.linux64_2.0.0.202105311346/tools/bin/../lib/gcc/arm-none-eabi/9.3.1/../../../../arm-none-eabi/lib/thumb/v7e-m+dp/hard/libc_nano.a(lib_a-fopen.o)
                0x000000000800db18                fopen
 .text.fprintf  0x000000000800db28       0x24 /opt/st/stm32cubeide_1.8.0/plugins/com.st.stm32cube.ide.mcu.externaltools.gnu-tools-for-stm32.9-2020-q2-update.linux64_2.0.0.202105311346/tools/bin/../lib/gcc/arm-none-eabi/9.3.1/../../../../arm-none-eabi/lib/thumb/v7e-m+dp/hard/libc_nano.a(lib_a-fprintf.o)
                0x000000000800db28                fprintf
                0x000000000800db28                fiprintf
 .text._fread_r
                0x000000000800db4c       0xe8 /opt/st/stm32cubeide_1.8.0/plugins/com.st.stm32cube.ide.mcu.externaltools.gnu-tools-for-stm32.9-2020-q2-update.linux64_2.0.0.202105311346/tools/bin/../lib/gcc/arm-none-eabi/9.3.1/../../../../arm-none-eabi/lib/thumb/v7e-m+dp/hard/libc_nano.a(lib_a-fread.o)
                0x000000000800db4c                _fread_r
 .text.fread    0x000000000800dc34       0x1c /opt/st/stm32cubeide_1.8.0/plugins/com.st.stm32cube.ide.mcu.externaltools.gnu-tools-for-stm32.9-2020-q2-update.linux64_2.0.0.202105311346/tools/bin/../lib/gcc/arm-none-eabi/9.3.1/../../../../arm-none-eabi/lib/thumb/v7e-m+dp/hard/libc_nano.a(lib_a-fread.o)
                0x000000000800dc34                fread
 .text._fseek_r
                0x000000000800dc50        0x4 /opt/st/stm32cubeide_1.8.0/plugins/com.st.stm32cube.ide.mcu.externaltools.gnu-tools-for-stm32.9-2020-q2-update.linux64_2.0.0.202105311346/tools/bin/../lib/gcc/arm-none-eabi/9.3.1/../../../../arm-none-eabi/lib/thumb/v7e-m+dp/hard/libc_nano.a(lib_a-fseek.o)
                0x000000000800dc50                _fseek_r
 .text._fseeko_r
                0x000000000800dc54      0x134 /opt/st/stm32cubeide_1.8.0/plugins/com.st.stm32cube.ide.mcu.externaltools.gnu-tools-for-stm32.9-2020-q2-update.linux64_2.0.0.202105311346/tools/bin/../lib/gcc/arm-none-eabi/9.3.1/../../../../arm-none-eabi/lib/thumb/v7e-m+dp/hard/libc_nano.a(lib_a-fseeko.o)
                0x000000000800dc54                _fseeko_r
 .text._ftello_r
                0x000000000800dd88       0xe8 /opt/st/stm32cubeide_1.8.0/plugins/com.st.stm32cube.ide.mcu.externaltools.gnu-tools-for-stm32.9-2020-q2-update.linux64_2.0.0.202105311346/tools/bin/../lib/gcc/arm-none-eabi/9.3.1/../../../../arm-none-eabi/lib/thumb/v7e-m+dp/hard/libc_nano.a(lib_a-ftello.o)
                0x000000000800dd88                _ftello_r
 .text._fwalk   0x000000000800de70       0x3a /opt/st/stm32cubeide_1.8.0/plugins/com.st.stm32cube.ide.mcu.externaltools.gnu-tools-for-stm32.9-2020-q2-update.linux64_2.0.0.202105311346/tools/bin/../lib/gcc/arm-none-eabi/9.3.1/../../../../arm-none-eabi/lib/thumb/v7e-m+dp/hard/libc_nano.a(lib_a-fwalk.o)
                0x000000000800de70                _fwalk
 .text._fwalk_reent
                0x000000000800deaa       0x3e /opt/st/stm32cubeide_1.8.0/plugins/com.st.stm32cube.ide.mcu.externaltools.gnu-tools-for-stm32.9-2020-q2-update.linux64_2.0.0.202105311346/tools/bin/../lib/gcc/arm-none-eabi/9.3.1/../../../../arm-none-eabi/lib/thumb/v7e-m+dp/hard/libc_nano.a(lib_a-fwalk.o)
                0x000000000800deaa                _fwalk_reent
 .text._fwrite_r
                0x000000000800dee8       0xc0 /opt/st/stm32cubeide_1.8.0/plugins/com.st.stm32cube.ide.mcu.externaltools.gnu-tools-for-stm32.9-2020-q2-update.linux64_2.0.0.202105311346/tools/bin/../lib/gcc/arm-none-eabi/9.3.1/../../../../arm-none-eabi/lib/thumb/v7e-m+dp/hard/libc_nano.a(lib_a-fwrite.o)
                0x000000000800dee8                _fwrite_r
 .text.fwrite   0x000000000800dfa8       0x1c /opt/st/stm32cubeide_1.8.0/plugins/com.st.stm32cube.ide.mcu.externaltools.gnu-tools-for-stm32.9-2020-q2-update.linux64_2.0.0.202105311346/tools/bin/../lib/gcc/arm-none-eabi/9.3.1/../../../../arm-none-eabi/lib/thumb/v7e-m+dp/hard/libc_nano.a(lib_a-fwrite.o)
                0x000000000800dfa8                fwrite
 .text.__libc_init_array
                0x000000000800dfc4       0x48 /opt/st/stm32cubeide_1.8.0/plugins/com.st.stm32cube.ide.mcu.externaltools.gnu-tools-for-stm32.9-2020-q2-update.linux64_2.0.0.202105311346/tools/bin/../lib/gcc/arm-none-eabi/9.3.1/../../../../arm-none-eabi/lib/thumb/v7e-m+dp/hard/libc_nano.a(lib_a-init.o)
                0x000000000800dfc4                __libc_init_array
 .text.__retarget_lock_init_recursive
                0x000000000800e00c        0x2 /opt/st/stm32cubeide_1.8.0/plugins/com.st.stm32cube.ide.mcu.externaltools.gnu-tools-for-stm32.9-2020-q2-update.linux64_2.0.0.202105311346/tools/bin/../lib/gcc/arm-none-eabi/9.3.1/../../../../arm-none-eabi/lib/thumb/v7e-m+dp/hard/libc_nano.a(lib_a-lock.o)
                0x000000000800e00c                __retarget_lock_init_recursive
 .text.__retarget_lock_close_recursive
                0x000000000800e00e        0x2 /opt/st/stm32cubeide_1.8.0/plugins/com.st.stm32cube.ide.mcu.externaltools.gnu-tools-for-stm32.9-2020-q2-update.linux64_2.0.0.202105311346/tools/bin/../lib/gcc/arm-none-eabi/9.3.1/../../../../arm-none-eabi/lib/thumb/v7e-m+dp/hard/libc_nano.a(lib_a-lock.o)
                0x000000000800e00e                __retarget_lock_close_recursive
 .text.__retarget_lock_acquire_recursive
                0x000000000800e010        0x2 /opt/st/stm32cubeide_1.8.0/plugins/com.st.stm32cube.ide.mcu.externaltools.gnu-tools-for-stm32.9-2020-q2-update.linux64_2.0.0.202105311346/tools/bin/../lib/gcc/arm-none-eabi/9.3.1/../../../../arm-none-eabi/lib/thumb/v7e-m+dp/hard/libc_nano.a(lib_a-lock.o)
                0x000000000800e010                __retarget_lock_acquire_recursive
 .text.__retarget_lock_release_recursive
                0x000000000800e012        0x2 /opt/st/stm32cubeide_1.8.0/plugins/com.st.stm32cube.ide.mcu.externaltools.gnu-tools-for-stm32.9-2020-q2-update.linux64_2.0.0.202105311346/tools/bin/../lib/gcc/arm-none-eabi/9.3.1/../../../../arm-none-eabi/lib/thumb/v7e-m+dp/hard/libc_nano.a(lib_a-lock.o)
                0x000000000800e012                __retarget_lock_release_recursive
 .text.__swhatbuf_r
                0x000000000800e014       0x48 /opt/st/stm32cubeide_1.8.0/plugins/com.st.stm32cube.ide.mcu.externaltools.gnu-tools-for-stm32.9-2020-q2-update.linux64_2.0.0.202105311346/tools/bin/../lib/gcc/arm-none-eabi/9.3.1/../../../../arm-none-eabi/lib/thumb/v7e-m+dp/hard/libc_nano.a(lib_a-makebuf.o)
                0x000000000800e014                __swhatbuf_r
 .text.__smakebuf_r
                0x000000000800e05c       0x80 /opt/st/stm32cubeide_1.8.0/plugins/com.st.stm32cube.ide.mcu.externaltools.gnu-tools-for-stm32.9-2020-q2-update.linux64_2.0.0.202105311346/tools/bin/../lib/gcc/arm-none-eabi/9.3.1/../../../../arm-none-eabi/lib/thumb/v7e-m+dp/hard/libc_nano.a(lib_a-makebuf.o)
                0x000000000800e05c                __smakebuf_r
 .text.malloc   0x000000000800e0dc       0x10 /opt/st/stm32cubeide_1.8.0/plugins/com.st.stm32cube.ide.mcu.externaltools.gnu-tools-for-stm32.9-2020-q2-update.linux64_2.0.0.202105311346/tools/bin/../lib/gcc/arm-none-eabi/9.3.1/../../../../arm-none-eabi/lib/thumb/v7e-m+dp/hard/libc_nano.a(lib_a-malloc.o)
                0x000000000800e0dc                malloc
 .text.free     0x000000000800e0ec       0x10 /opt/st/stm32cubeide_1.8.0/plugins/com.st.stm32cube.ide.mcu.externaltools.gnu-tools-for-stm32.9-2020-q2-update.linux64_2.0.0.202105311346/tools/bin/../lib/gcc/arm-none-eabi/9.3.1/../../../../arm-none-eabi/lib/thumb/v7e-m+dp/hard/libc_nano.a(lib_a-malloc.o)
                0x000000000800e0ec                free
 .text.memcpy   0x000000000800e0fc       0x1c /opt/st/stm32cubeide_1.8.0/plugins/com.st.stm32cube.ide.mcu.externaltools.gnu-tools-for-stm32.9-2020-q2-update.linux64_2.0.0.202105311346/tools/bin/../lib/gcc/arm-none-eabi/9.3.1/../../../../arm-none-eabi/lib/thumb/v7e-m+dp/hard/libc_nano.a(lib_a-memcpy-stub.o)
                0x000000000800e0fc                memcpy
 .text.memset   0x000000000800e118       0x10 /opt/st/stm32cubeide_1.8.0/plugins/com.st.stm32cube.ide.mcu.externaltools.gnu-tools-for-stm32.9-2020-q2-update.linux64_2.0.0.202105311346/tools/bin/../lib/gcc/arm-none-eabi/9.3.1/../../../../arm-none-eabi/lib/thumb/v7e-m+dp/hard/libc_nano.a(lib_a-memset.o)
                0x000000000800e118                memset
 .text._free_r  0x000000000800e128       0xa0 /opt/st/stm32cubeide_1.8.0/plugins/com.st.stm32cube.ide.mcu.externaltools.gnu-tools-for-stm32.9-2020-q2-update.linux64_2.0.0.202105311346/tools/bin/../lib/gcc/arm-none-eabi/9.3.1/../../../../arm-none-eabi/lib/thumb/v7e-m+dp/hard/libc_nano.a(lib_a-nano-freer.o)
                0x000000000800e128                _free_r
 .text._malloc_r
                0x000000000800e1c8       0xb4 /opt/st/stm32cubeide_1.8.0/plugins/com.st.stm32cube.ide.mcu.externaltools.gnu-tools-for-stm32.9-2020-q2-update.linux64_2.0.0.202105311346/tools/bin/../lib/gcc/arm-none-eabi/9.3.1/../../../../arm-none-eabi/lib/thumb/v7e-m+dp/hard/libc_nano.a(lib_a-nano-mallocr.o)
                0x000000000800e1c8                _malloc_r
 .text.__sfputc_r
                0x000000000800e27c       0x2e /opt/st/stm32cubeide_1.8.0/plugins/com.st.stm32cube.ide.mcu.externaltools.gnu-tools-for-stm32.9-2020-q2-update.linux64_2.0.0.202105311346/tools/bin/../lib/gcc/arm-none-eabi/9.3.1/../../../../arm-none-eabi/lib/thumb/v7e-m+dp/hard/libc_nano.a(lib_a-nano-vfprintf.o)
 .text.__sfputs_r
                0x000000000800e2aa       0x24 /opt/st/stm32cubeide_1.8.0/plugins/com.st.stm32cube.ide.mcu.externaltools.gnu-tools-for-stm32.9-2020-q2-update.linux64_2.0.0.202105311346/tools/bin/../lib/gcc/arm-none-eabi/9.3.1/../../../../arm-none-eabi/lib/thumb/v7e-m+dp/hard/libc_nano.a(lib_a-nano-vfprintf.o)
                0x000000000800e2aa                __sfputs_r
 *fill*         0x000000000800e2ce        0x2 
 .text._vfprintf_r
                0x000000000800e2d0      0x260 /opt/st/stm32cubeide_1.8.0/plugins/com.st.stm32cube.ide.mcu.externaltools.gnu-tools-for-stm32.9-2020-q2-update.linux64_2.0.0.202105311346/tools/bin/../lib/gcc/arm-none-eabi/9.3.1/../../../../arm-none-eabi/lib/thumb/v7e-m+dp/hard/libc_nano.a(lib_a-nano-vfprintf.o)
                0x000000000800e2d0                _vfiprintf_r
                0x000000000800e2d0                _vfprintf_r
 .text._printf_common
                0x000000000800e530       0xda /opt/st/stm32cubeide_1.8.0/plugins/com.st.stm32cube.ide.mcu.externaltools.gnu-tools-for-stm32.9-2020-q2-update.linux64_2.0.0.202105311346/tools/bin/../lib/gcc/arm-none-eabi/9.3.1/../../../../arm-none-eabi/lib/thumb/v7e-m+dp/hard/libc_nano.a(lib_a-nano-vfprintf_i.o)
                0x000000000800e530                _printf_common
 *fill*         0x000000000800e60a        0x2 
 .text._printf_i
                0x000000000800e60c      0x24c /opt/st/stm32cubeide_1.8.0/plugins/com.st.stm32cube.ide.mcu.externaltools.gnu-tools-for-stm32.9-2020-q2-update.linux64_2.0.0.202105311346/tools/bin/../lib/gcc/arm-none-eabi/9.3.1/../../../../arm-none-eabi/lib/thumb/v7e-m+dp/hard/libc_nano.a(lib_a-nano-vfprintf_i.o)
                0x000000000800e60c                _printf_i
 .text._open_r  0x000000000800e858       0x24 /opt/st/stm32cubeide_1.8.0/plugins/com.st.stm32cube.ide.mcu.externaltools.gnu-tools-for-stm32.9-2020-q2-update.linux64_2.0.0.202105311346/tools/bin/../lib/gcc/arm-none-eabi/9.3.1/../../../../arm-none-eabi/lib/thumb/v7e-m+dp/hard/libc_nano.a(lib_a-openr.o)
                0x000000000800e858                _open_r
 .text.printf   0x000000000800e87c       0x30 /opt/st/stm32cubeide_1.8.0/plugins/com.st.stm32cube.ide.mcu.externaltools.gnu-tools-for-stm32.9-2020-q2-update.linux64_2.0.0.202105311346/tools/bin/../lib/gcc/arm-none-eabi/9.3.1/../../../../arm-none-eabi/lib/thumb/v7e-m+dp/hard/libc_nano.a(lib_a-printf.o)
                0x000000000800e87c                printf
                0x000000000800e87c                iprintf
 .text._puts_r  0x000000000800e8ac       0xdc /opt/st/stm32cubeide_1.8.0/plugins/com.st.stm32cube.ide.mcu.externaltools.gnu-tools-for-stm32.9-2020-q2-update.linux64_2.0.0.202105311346/tools/bin/../lib/gcc/arm-none-eabi/9.3.1/../../../../arm-none-eabi/lib/thumb/v7e-m+dp/hard/libc_nano.a(lib_a-puts.o)
                0x000000000800e8ac                _puts_r
 .text.puts     0x000000000800e988       0x10 /opt/st/stm32cubeide_1.8.0/plugins/com.st.stm32cube.ide.mcu.externaltools.gnu-tools-for-stm32.9-2020-q2-update.linux64_2.0.0.202105311346/tools/bin/../lib/gcc/arm-none-eabi/9.3.1/../../../../arm-none-eabi/lib/thumb/v7e-m+dp/hard/libc_nano.a(lib_a-puts.o)
                0x000000000800e988                puts
 .text.lflush   0x000000000800e998       0x12 /opt/st/stm32cubeide_1.8.0/plugins/com.st.stm32cube.ide.mcu.externaltools.gnu-tools-for-stm32.9-2020-q2-update.linux64_2.0.0.202105311346/tools/bin/../lib/gcc/arm-none-eabi/9.3.1/../../../../arm-none-eabi/lib/thumb/v7e-m+dp/hard/libc_nano.a(lib_a-refill.o)
 *fill*         0x000000000800e9aa        0x2 
 .text.__srefill_r
                0x000000000800e9ac      0x114 /opt/st/stm32cubeide_1.8.0/plugins/com.st.stm32cube.ide.mcu.externaltools.gnu-tools-for-stm32.9-2020-q2-update.linux64_2.0.0.202105311346/tools/bin/../lib/gcc/arm-none-eabi/9.3.1/../../../../arm-none-eabi/lib/thumb/v7e-m+dp/hard/libc_nano.a(lib_a-refill.o)
                0x000000000800e9ac                __srefill_r
 .text._sbrk_r  0x000000000800eac0       0x20 /opt/st/stm32cubeide_1.8.0/plugins/com.st.stm32cube.ide.mcu.externaltools.gnu-tools-for-stm32.9-2020-q2-update.linux64_2.0.0.202105311346/tools/bin/../lib/gcc/arm-none-eabi/9.3.1/../../../../arm-none-eabi/lib/thumb/v7e-m+dp/hard/libc_nano.a(lib_a-sbrkr.o)
                0x000000000800eac0                _sbrk_r
 .text.snprintf
                0x000000000800eae0       0x68 /opt/st/stm32cubeide_1.8.0/plugins/com.st.stm32cube.ide.mcu.externaltools.gnu-tools-for-stm32.9-2020-q2-update.linux64_2.0.0.202105311346/tools/bin/../lib/gcc/arm-none-eabi/9.3.1/../../../../arm-none-eabi/lib/thumb/v7e-m+dp/hard/libc_nano.a(lib_a-snprintf.o)
                0x000000000800eae0                snprintf
                0x000000000800eae0                sniprintf
 .text.sprintf  0x000000000800eb48       0x40 /opt/st/stm32cubeide_1.8.0/plugins/com.st.stm32cube.ide.mcu.externaltools.gnu-tools-for-stm32.9-2020-q2-update.linux64_2.0.0.202105311346/tools/bin/../lib/gcc/arm-none-eabi/9.3.1/../../../../arm-none-eabi/lib/thumb/v7e-m+dp/hard/libc_nano.a(lib_a-sprintf.o)
                0x000000000800eb48                sprintf
                0x000000000800eb48                siprintf
 .text.__sread  0x000000000800eb88       0x22 /opt/st/stm32cubeide_1.8.0/plugins/com.st.stm32cube.ide.mcu.externaltools.gnu-tools-for-stm32.9-2020-q2-update.linux64_2.0.0.202105311346/tools/bin/../lib/gcc/arm-none-eabi/9.3.1/../../../../arm-none-eabi/lib/thumb/v7e-m+dp/hard/libc_nano.a(lib_a-stdio.o)
                0x000000000800eb88                __sread
 .text.__swrite
                0x000000000800ebaa       0x38 /opt/st/stm32cubeide_1.8.0/plugins/com.st.stm32cube.ide.mcu.externaltools.gnu-tools-for-stm32.9-2020-q2-update.linux64_2.0.0.202105311346/tools/bin/../lib/gcc/arm-none-eabi/9.3.1/../../../../arm-none-eabi/lib/thumb/v7e-m+dp/hard/libc_nano.a(lib_a-stdio.o)
                0x000000000800ebaa                __swrite
 .text.__sseek  0x000000000800ebe2       0x24 /opt/st/stm32cubeide_1.8.0/plugins/com.st.stm32cube.ide.mcu.externaltools.gnu-tools-for-stm32.9-2020-q2-update.linux64_2.0.0.202105311346/tools/bin/../lib/gcc/arm-none-eabi/9.3.1/../../../../arm-none-eabi/lib/thumb/v7e-m+dp/hard/libc_nano.a(lib_a-stdio.o)
                0x000000000800ebe2                __sseek
 .text.__sclose
                0x000000000800ec06        0x8 /opt/st/stm32cubeide_1.8.0/plugins/com.st.stm32cube.ide.mcu.externaltools.gnu-tools-for-stm32.9-2020-q2-update.linux64_2.0.0.202105311346/tools/bin/../lib/gcc/arm-none-eabi/9.3.1/../../../../arm-none-eabi/lib/thumb/v7e-m+dp/hard/libc_nano.a(lib_a-stdio.o)
                0x000000000800ec06                __sclose
 *fill*         0x000000000800ec0e        0x2 
 .text.__swbuf_r
                0x000000000800ec10       0xa4 /opt/st/stm32cubeide_1.8.0/plugins/com.st.stm32cube.ide.mcu.externaltools.gnu-tools-for-stm32.9-2020-q2-update.linux64_2.0.0.202105311346/tools/bin/../lib/gcc/arm-none-eabi/9.3.1/../../../../arm-none-eabi/lib/thumb/v7e-m+dp/hard/libc_nano.a(lib_a-wbuf.o)
                0x000000000800ec10                __swbuf_r
 .text._write_r
                0x000000000800ecb4       0x24 /opt/st/stm32cubeide_1.8.0/plugins/com.st.stm32cube.ide.mcu.externaltools.gnu-tools-for-stm32.9-2020-q2-update.linux64_2.0.0.202105311346/tools/bin/../lib/gcc/arm-none-eabi/9.3.1/../../../../arm-none-eabi/lib/thumb/v7e-m+dp/hard/libc_nano.a(lib_a-writer.o)
                0x000000000800ecb4                _write_r
 .text.__swsetup_r
                0x000000000800ecd8       0xdc /opt/st/stm32cubeide_1.8.0/plugins/com.st.stm32cube.ide.mcu.externaltools.gnu-tools-for-stm32.9-2020-q2-update.linux64_2.0.0.202105311346/tools/bin/../lib/gcc/arm-none-eabi/9.3.1/../../../../arm-none-eabi/lib/thumb/v7e-m+dp/hard/libc_nano.a(lib_a-wsetup.o)
                0x000000000800ecd8                __swsetup_r
 .text._close_r
                0x000000000800edb4       0x20 /opt/st/stm32cubeide_1.8.0/plugins/com.st.stm32cube.ide.mcu.externaltools.gnu-tools-for-stm32.9-2020-q2-update.linux64_2.0.0.202105311346/tools/bin/../lib/gcc/arm-none-eabi/9.3.1/../../../../arm-none-eabi/lib/thumb/v7e-m+dp/hard/libc_nano.a(lib_a-closer.o)
                0x000000000800edb4                _close_r
 .text.__sflags
                0x000000000800edd4       0x6c /opt/st/stm32cubeide_1.8.0/plugins/com.st.stm32cube.ide.mcu.externaltools.gnu-tools-for-stm32.9-2020-q2-update.linux64_2.0.0.202105311346/tools/bin/../lib/gcc/arm-none-eabi/9.3.1/../../../../arm-none-eabi/lib/thumb/v7e-m+dp/hard/libc_nano.a(lib_a-flags.o)
                0x000000000800edd4                __sflags
 .text._fstat_r
                0x000000000800ee40       0x24 /opt/st/stm32cubeide_1.8.0/plugins/com.st.stm32cube.ide.mcu.externaltools.gnu-tools-for-stm32.9-2020-q2-update.linux64_2.0.0.202105311346/tools/bin/../lib/gcc/arm-none-eabi/9.3.1/../../../../arm-none-eabi/lib/thumb/v7e-m+dp/hard/libc_nano.a(lib_a-fstatr.o)
                0x000000000800ee40                _fstat_r
 .text._isatty_r
                0x000000000800ee64       0x20 /opt/st/stm32cubeide_1.8.0/plugins/com.st.stm32cube.ide.mcu.externaltools.gnu-tools-for-stm32.9-2020-q2-update.linux64_2.0.0.202105311346/tools/bin/../lib/gcc/arm-none-eabi/9.3.1/../../../../arm-none-eabi/lib/thumb/v7e-m+dp/hard/libc_nano.a(lib_a-isattyr.o)
                0x000000000800ee64                _isatty_r
 .text._lseek_r
                0x000000000800ee84       0x24 /opt/st/stm32cubeide_1.8.0/plugins/com.st.stm32cube.ide.mcu.externaltools.gnu-tools-for-stm32.9-2020-q2-update.linux64_2.0.0.202105311346/tools/bin/../lib/gcc/arm-none-eabi/9.3.1/../../../../arm-none-eabi/lib/thumb/v7e-m+dp/hard/libc_nano.a(lib_a-lseekr.o)
                0x000000000800ee84                _lseek_r
 .text.memmove  0x000000000800eea8       0x34 /opt/st/stm32cubeide_1.8.0/plugins/com.st.stm32cube.ide.mcu.externaltools.gnu-tools-for-stm32.9-2020-q2-update.linux64_2.0.0.202105311346/tools/bin/../lib/gcc/arm-none-eabi/9.3.1/../../../../arm-none-eabi/lib/thumb/v7e-m+dp/hard/libc_nano.a(lib_a-memmove.o)
                0x000000000800eea8                memmove
 .text.__malloc_lock
                0x000000000800eedc        0xc /opt/st/stm32cubeide_1.8.0/plugins/com.st.stm32cube.ide.mcu.externaltools.gnu-tools-for-stm32.9-2020-q2-update.linux64_2.0.0.202105311346/tools/bin/../lib/gcc/arm-none-eabi/9.3.1/../../../../arm-none-eabi/lib/thumb/v7e-m+dp/hard/libc_nano.a(lib_a-mlock.o)
                0x000000000800eedc                __malloc_lock
 .text.__malloc_unlock
                0x000000000800eee8        0xc /opt/st/stm32cubeide_1.8.0/plugins/com.st.stm32cube.ide.mcu.externaltools.gnu-tools-for-stm32.9-2020-q2-update.linux64_2.0.0.202105311346/tools/bin/../lib/gcc/arm-none-eabi/9.3.1/../../../../arm-none-eabi/lib/thumb/v7e-m+dp/hard/libc_nano.a(lib_a-mlock.o)
                0x000000000800eee8                __malloc_unlock
 .text._realloc_r
                0x000000000800eef4       0x4c /opt/st/stm32cubeide_1.8.0/plugins/com.st.stm32cube.ide.mcu.externaltools.gnu-tools-for-stm32.9-2020-q2-update.linux64_2.0.0.202105311346/tools/bin/../lib/gcc/arm-none-eabi/9.3.1/../../../../arm-none-eabi/lib/thumb/v7e-m+dp/hard/libc_nano.a(lib_a-nano-reallocr.o)
                0x000000000800eef4                _realloc_r
 .text.__ssputs_r
                0x000000000800ef40       0xb6 /opt/st/stm32cubeide_1.8.0/plugins/com.st.stm32cube.ide.mcu.externaltools.gnu-tools-for-stm32.9-2020-q2-update.linux64_2.0.0.202105311346/tools/bin/../lib/gcc/arm-none-eabi/9.3.1/../../../../arm-none-eabi/lib/thumb/v7e-m+dp/hard/libc_nano.a(lib_a-nano-svfprintf.o)
                0x000000000800ef40                __ssputs_r
 *fill*         0x000000000800eff6        0x2 
 .text._svfprintf_r
                0x000000000800eff8      0x200 /opt/st/stm32cubeide_1.8.0/plugins/com.st.stm32cube.ide.mcu.externaltools.gnu-tools-for-stm32.9-2020-q2-update.linux64_2.0.0.202105311346/tools/bin/../lib/gcc/arm-none-eabi/9.3.1/../../../../arm-none-eabi/lib/thumb/v7e-m+dp/hard/libc_nano.a(lib_a-nano-svfprintf.o)
                0x000000000800eff8                _svfprintf_r
                0x000000000800eff8                _svfiprintf_r
 .text._read_r  0x000000000800f1f8       0x24 /opt/st/stm32cubeide_1.8.0/plugins/com.st.stm32cube.ide.mcu.externaltools.gnu-tools-for-stm32.9-2020-q2-update.linux64_2.0.0.202105311346/tools/bin/../lib/gcc/arm-none-eabi/9.3.1/../../../../arm-none-eabi/lib/thumb/v7e-m+dp/hard/libc_nano.a(lib_a-readr.o)
                0x000000000800f1f8                _read_r
 .text._malloc_usable_size_r