cpu_proc.c:9:6:cpu_set_flags	16	static
cpu_proc.c:27:13:proc_none	16	static
cpu_proc.c:32:13:proc_nop	16	static
cpu_proc.c:47:10:decode_reg	16	static
cpu_proc.c:55:13:proc_cb	40	static
cpu_proc.c:170:13:proc_rlca	32	static
cpu_proc.c:179:13:proc_rrca	32	static
cpu_proc.c:188:13:proc_rla	32	static
cpu_proc.c:197:13:proc_stop	16	static
cpu_proc.c:201:13:proc_daa	32	static
cpu_proc.c:219:13:proc_cpl	24	static
cpu_proc.c:224:13:proc_scf	24	static
cpu_proc.c:228:13:proc_ccf	24	static
cpu_proc.c:232:13:proc_halt	16	static
cpu_proc.c:236:13:proc_rra	32	static
cpu_proc.c:246:13:proc_and	24	static
cpu_proc.c:251:13:proc_xor	24	static
cpu_proc.c:256:13:proc_or	24	static
cpu_proc.c:261:13:proc_cp	32	static
cpu_proc.c:268:13:proc_di	16	static
cpu_proc.c:272:13:proc_ei	16	static
cpu_proc.c:276:13:is_16_bit	16	static
cpu_proc.c:280:13:proc_ld	40	static
cpu_proc.c:314:13:proc_ldh	24	static
cpu_proc.c:325:13:check_cond	24	static
cpu_proc.c:340:13:goto_addr	16	static
cpu_proc.c:352:13:proc_jp	16	static
cpu_proc.c:356:13:proc_jr	24	static
cpu_proc.c:362:13:proc_call	16	static
cpu_proc.c:366:13:proc_rst	16	static
cpu_proc.c:370:13:proc_ret	24	static
cpu_proc.c:388:13:proc_reti	16	static
cpu_proc.c:393:13:proc_pop	24	static
cpu_proc.c:408:13:proc_push	24	static
cpu_proc.c:420:13:proc_inc	32	static
cpu_proc.c:443:13:proc_dec	32	static
cpu_proc.c:465:13:proc_sub	40	static
cpu_proc.c:476:13:proc_sbc	48	static
cpu_proc.c:490:13:proc_adc	32	static
cpu_proc.c:502:13:proc_add	48	static
cpu_proc.c:574:9:inst_get_processor	16	static
