cpu_proc.c:8:6:cpu_set_flags	16	static
cpu_proc.c:26:13:proc_none	16	static
cpu_proc.c:31:13:proc_nop	16	static
cpu_proc.c:46:10:decode_reg	16	static
cpu_proc.c:54:13:proc_cb	40	static
cpu_proc.c:169:13:proc_rlca	32	static
cpu_proc.c:178:13:proc_rrca	32	static
cpu_proc.c:187:13:proc_rla	32	static
cpu_proc.c:196:13:proc_stop	16	static
cpu_proc.c:200:13:proc_daa	32	static
cpu_proc.c:218:13:proc_cpl	24	static
cpu_proc.c:223:13:proc_scf	24	static
cpu_proc.c:227:13:proc_ccf	24	static
cpu_proc.c:231:13:proc_halt	16	static
cpu_proc.c:235:13:proc_rra	32	static
cpu_proc.c:245:13:proc_and	24	static
cpu_proc.c:250:13:proc_xor	24	static
cpu_proc.c:255:13:proc_or	24	static
cpu_proc.c:260:13:proc_cp	32	static
cpu_proc.c:267:13:proc_di	16	static
cpu_proc.c:271:13:proc_ei	16	static
cpu_proc.c:275:13:is_16_bit	16	static
cpu_proc.c:279:13:proc_ld	40	static
cpu_proc.c:313:13:proc_ldh	24	static
cpu_proc.c:324:13:check_cond	24	static
cpu_proc.c:339:13:goto_addr	16	static
cpu_proc.c:351:13:proc_jp	16	static
cpu_proc.c:355:13:proc_jr	24	static
cpu_proc.c:361:13:proc_call	16	static
cpu_proc.c:365:13:proc_rst	16	static
cpu_proc.c:369:13:proc_ret	24	static
cpu_proc.c:387:13:proc_reti	16	static
cpu_proc.c:392:13:proc_pop	24	static
cpu_proc.c:407:13:proc_push	24	static
cpu_proc.c:419:13:proc_inc	32	static
cpu_proc.c:442:13:proc_dec	32	static
cpu_proc.c:464:13:proc_sub	40	static
cpu_proc.c:475:13:proc_sbc	48	static
cpu_proc.c:489:13:proc_adc	32	static
cpu_proc.c:501:13:proc_add	48	static
cpu_proc.c:573:9:inst_get_processor	16	static
