main.c:78:5:_write	24	static
main.c:89:5:main	104	static
main.c:174:6:SystemClock_Config	88	static
main.c:228:13:MX_CRC_Init	8	static
main.c:259:13:MX_SDMMC2_SD_Init	4	static
main.c:287:13:MX_USART1_UART_Init	8	static
main.c:320:13:MX_DMA_Init	16	static
main.c:341:13:MX_GPIO_Init	72	static
main.c:793:6:StartDefaultTask	16	static
main.c:811:6:cpu_start	16	static
main.c:829:6:ui_start	16	static
main.c:848:6:HAL_TIM_PeriodElapsedCallback	16	static
main.c:865:6:Error_Handler	4	static,ignoring_inline_asm
