main.c:78:5:_write	24	static
main.c:89:5:main	72	static
main.c:171:6:SystemClock_Config	88	static
main.c:219:13:MX_CRC_Init	8	static
main.c:250:13:MX_SDMMC2_SD_Init	4	static
main.c:278:13:MX_USART1_UART_Init	8	static
main.c:311:13:MX_DMA_Init	16	static
main.c:332:13:MX_GPIO_Init	72	static
main.c:784:6:StartDefaultTask	16	static
main.c:802:6:cpu_start	16	static
main.c:820:6:ui_start	16	static
main.c:839:6:HAL_TIM_PeriodElapsedCallback	16	static
main.c:856:6:Error_Handler	4	static,ignoring_inline_asm
