ppu_pipeline.c:5:6:window_visible	8	static
ppu_pipeline.c:11:6:pixel_fifo_push	32	static
ppu_pipeline.c:27:5:pixel_fifo_pop	16	static
ppu_pipeline.c:43:5:fetch_sprite_pixels	48	static
ppu_pipeline.c:89:6:pipeline_fifo_add	40	static
ppu_pipeline.c:120:6:pipeline_load_sprite_tile	24	static
ppu_pipeline.c:141:6:pipeline_load_sprite_data	48	static
ppu_pipeline.c:164:6:pipeline_load_window_tile	24	static
ppu_pipeline.c:187:6:pipeline_fetch	16	static
ppu_pipeline.c:247:6:pipeline_push_pixel	24	static
ppu_pipeline.c:262:6:pipeline_process	16	static
ppu_pipeline.c:274:6:pipeline_fifo_reset	8	static
